printf_to_uart.c:13:5:int __io_putchar(char)	16	static
main.cpp:101:5:int main()	48	static
main.cpp:248:6:void SystemClock_Config()	192	static
main.cpp:313:6:void HAL_TIM_PeriodElapsedCallback(TIM_HandleTypeDef*)	144	static
main.cpp:326:6:void getGyroData()	24	static
main.cpp:344:6:void getRawGyroData()	16	static
main.cpp:353:6:void getAccelData()	16	static
main.cpp:361:6:void getCompassData()	24	static
main.cpp:382:6:void getRawCompassData()	16	static
main.cpp:396:6:void calibrateMag()	48	static
main.cpp:440:6:void Error_Handler()	4	static,ignoring_inline_asm
main.cpp:449:1:void __static_initialization_and_destruction_0(int, int)	24	static
main.cpp:449:1:cpp)	8	static
