print_to_uart.c:13:5:int __io_putchar(char)	16	static
main.cpp:109:5:int main()	160	static
main.cpp:248:6:void SystemClock_Config()	192	static
main.cpp:312:6:void accel_serialise(float*, uint8_t*)	24	static
main.cpp:330:6:void accel_parse(uint8_t*, float*)	24	static
main.cpp:347:6:void gyro_serialise(float*, uint8_t*)	24	static
main.cpp:365:6:void gyro_parse(uint8_t*, float*)	24	static
main.cpp:384:6:void HAL_GPIO_EXTI_Callback(uint16_t)	96	static
main.cpp:431:6:void getGyroData()	24	static
main.cpp:449:6:void getRawGyroData()	16	static
main.cpp:458:6:void getAccelData()	16	static
main.cpp:473:6:void Error_Handler()	4	static,ignoring_inline_asm
main.cpp:482:1:void __static_initialization_and_destruction_0(int, int)	24	static
main.cpp:482:1:cpp)	8	static
