Archive member included to satisfy reference by file (symbol)

../Middlewares/ST/AI/Lib/NetworkRuntime520_CM4_GCC.a(ai_platform_interface.o)
                              X-CUBE-AI/App/house_price_model.o (ai_platform_runtime_get_revision)
../Middlewares/ST/AI/Lib/NetworkRuntime520_CM4_GCC.a(core_mem_manager.o)
                              ../Middlewares/ST/AI/Lib/NetworkRuntime520_CM4_GCC.a(ai_platform_interface.o) (core_mem_alloc)
../Middlewares/ST/AI/Lib/NetworkRuntime520_CM4_GCC.a(core_common.o)
                              ../Middlewares/ST/AI/Lib/NetworkRuntime520_CM4_GCC.a(ai_platform_interface.o) (core_init)
../Middlewares/ST/AI/Lib/NetworkRuntime520_CM4_GCC.a(layers_conv2d_generic_float.o)
                              X-CUBE-AI/App/house_price_model.o (forward_dense)
../Middlewares/ST/AI/Lib/NetworkRuntime520_CM4_GCC.a(layers_nl_generic_float.o)
                              X-CUBE-AI/App/house_price_model.o (forward_relu)
../Middlewares/ST/AI/Lib/NetworkRuntime520_CM4_GCC.a(layers.o)
                              ../Middlewares/ST/AI/Lib/NetworkRuntime520_CM4_GCC.a(ai_platform_interface.o) (ai_check_custom_types)
../Middlewares/ST/AI/Lib/NetworkRuntime520_CM4_GCC.a(arm_mat_init_f32.o)
                              ../Middlewares/ST/AI/Lib/NetworkRuntime520_CM4_GCC.a(layers_conv2d_generic_float.o) (arm_mat_init_f32)
../Middlewares/ST/AI/Lib/NetworkRuntime520_CM4_GCC.a(ai_datatypes_format.o)
                              ../Middlewares/ST/AI/Lib/NetworkRuntime520_CM4_GCC.a(ai_platform_interface.o) (ai_array_to_buffer_fmt)
../Middlewares/ST/AI/Lib/NetworkRuntime520_CM4_GCC.a(ai_math_helpers.o)
                              ../Middlewares/ST/AI/Lib/NetworkRuntime520_CM4_GCC.a(layers_nl_generic_float.o) (ai_math_sqrt)
/Applications/STM32CubeIDE.app/Contents/Eclipse/plugins/com.st.stm32cube.ide.mcu.externaltools.gnu-tools-for-stm32.7-2018-q2-update.macos64_1.5.0.202011040924/tools/bin/../lib/gcc/arm-none-eabi/7.3.1/../../../../arm-none-eabi/lib/thumb/v7e-m/fpv4-sp/hard/libm.a(lib_a-sf_asinh.o)
                              ../Middlewares/ST/AI/Lib/NetworkRuntime520_CM4_GCC.a(layers_nl_generic_float.o) (asinhf)
/Applications/STM32CubeIDE.app/Contents/Eclipse/plugins/com.st.stm32cube.ide.mcu.externaltools.gnu-tools-for-stm32.7-2018-q2-update.macos64_1.5.0.202011040924/tools/bin/../lib/gcc/arm-none-eabi/7.3.1/../../../../arm-none-eabi/lib/thumb/v7e-m/fpv4-sp/hard/libm.a(lib_a-sf_atan.o)
                              ../Middlewares/ST/AI/Lib/NetworkRuntime520_CM4_GCC.a(layers_nl_generic_float.o) (atanf)
/Applications/STM32CubeIDE.app/Contents/Eclipse/plugins/com.st.stm32cube.ide.mcu.externaltools.gnu-tools-for-stm32.7-2018-q2-update.macos64_1.5.0.202011040924/tools/bin/../lib/gcc/arm-none-eabi/7.3.1/../../../../arm-none-eabi/lib/thumb/v7e-m/fpv4-sp/hard/libm.a(lib_a-sf_ceil.o)
                              ../Middlewares/ST/AI/Lib/NetworkRuntime520_CM4_GCC.a(layers_nl_generic_float.o) (ceilf)
/Applications/STM32CubeIDE.app/Contents/Eclipse/plugins/com.st.stm32cube.ide.mcu.externaltools.gnu-tools-for-stm32.7-2018-q2-update.macos64_1.5.0.202011040924/tools/bin/../lib/gcc/arm-none-eabi/7.3.1/../../../../arm-none-eabi/lib/thumb/v7e-m/fpv4-sp/hard/libm.a(lib_a-sf_cos.o)
                              ../Middlewares/ST/AI/Lib/NetworkRuntime520_CM4_GCC.a(layers_nl_generic_float.o) (cosf)
/Applications/STM32CubeIDE.app/Contents/Eclipse/plugins/com.st.stm32cube.ide.mcu.externaltools.gnu-tools-for-stm32.7-2018-q2-update.macos64_1.5.0.202011040924/tools/bin/../lib/gcc/arm-none-eabi/7.3.1/../../../../arm-none-eabi/lib/thumb/v7e-m/fpv4-sp/hard/libm.a(lib_a-sf_erf.o)
                              ../Middlewares/ST/AI/Lib/NetworkRuntime520_CM4_GCC.a(layers_nl_generic_float.o) (erff)
/Applications/STM32CubeIDE.app/Contents/Eclipse/plugins/com.st.stm32cube.ide.mcu.externaltools.gnu-tools-for-stm32.7-2018-q2-update.macos64_1.5.0.202011040924/tools/bin/../lib/gcc/arm-none-eabi/7.3.1/../../../../arm-none-eabi/lib/thumb/v7e-m/fpv4-sp/hard/libm.a(lib_a-sf_fabs.o)
                              /Applications/STM32CubeIDE.app/Contents/Eclipse/plugins/com.st.stm32cube.ide.mcu.externaltools.gnu-tools-for-stm32.7-2018-q2-update.macos64_1.5.0.202011040924/tools/bin/../lib/gcc/arm-none-eabi/7.3.1/../../../../arm-none-eabi/lib/thumb/v7e-m/fpv4-sp/hard/libm.a(lib_a-sf_asinh.o) (fabsf)
/Applications/STM32CubeIDE.app/Contents/Eclipse/plugins/com.st.stm32cube.ide.mcu.externaltools.gnu-tools-for-stm32.7-2018-q2-update.macos64_1.5.0.202011040924/tools/bin/../lib/gcc/arm-none-eabi/7.3.1/../../../../arm-none-eabi/lib/thumb/v7e-m/fpv4-sp/hard/libm.a(lib_a-sf_floor.o)
                              ../Middlewares/ST/AI/Lib/NetworkRuntime520_CM4_GCC.a(layers_nl_generic_float.o) (floorf)
[...]
Memory Configuration

Name             Origin             Length             Attributes
FLASH            0x0000000008000000 0x0000000000080000 xr
RAM1             0x0000000020000004 0x000000000002fffc xrw
RAM_SHARED       0x0000000020030000 0x0000000000002800 xrw
*default*        0x0000000000000000 0xffffffffffffffff

Linker script and memory map

LOAD /Applications/STM32CubeIDE.app/Contents/Eclipse/plugins/com.st.stm32cube.ide.mcu.externaltools.gnu-tools-for-stm32.7-2018-q2-update.macos64_1.5.0.202011040924/tools/bin/../lib/gcc/arm-none-eabi/7.3.1/thumb/v7e-m/fpv4-sp/hard/crti.o
LOAD /Applications/STM32CubeIDE.app/Contents/Eclipse/plugins/com.st.stm32cube.ide.mcu.externaltools.gnu-tools-for-stm32.7-2018-q2-update.macos64_1.5.0.202011040924/tools/bin/../lib/gcc/arm-none-eabi/7.3.1/thumb/v7e-m/fpv4-sp/hard/crtbegin.o
LOAD /Applications/STM32CubeIDE.app/Contents/Eclipse/plugins/com.st.stm32cube.ide.mcu.externaltools.gnu-tools-for-stm32.7-2018-q2-update.macos64_1.5.0.202011040924/tools/bin/../lib/gcc/arm-none-eabi/7.3.1/../../../../arm-none-eabi/lib/thumb/v7e-m/fpv4-sp/hard/crt0.o
LOAD Core/Src/crc.o
LOAD Core/Src/gpio.o
LOAD Core/Src/main.o
LOAD Core/Src/stm32wbxx_hal_msp.o
LOAD Core/Src/stm32wbxx_it.o
LOAD Core/Src/syscalls.o
LOAD Core/Src/sysmem.o
LOAD Core/Src/system_stm32wbxx.o
LOAD Core/Src/tim.o
LOAD Core/Src/usart.o
LOAD Core/Startup/startup_stm32wb55rgvx.o
LOAD Drivers/STM32WBxx_HAL_Driver/Src/stm32wbxx_hal.o
LOAD Drivers/STM32WBxx_HAL_Driver/Src/stm32wbxx_hal_cortex.o
LOAD Drivers/STM32WBxx_HAL_Driver/Src/stm32wbxx_hal_crc.o
LOAD Drivers/STM32WBxx_HAL_Driver/Src/stm32wbxx_hal_crc_ex.o
LOAD Drivers/STM32WBxx_HAL_Driver/Src/stm32wbxx_hal_dma.o
LOAD Drivers/STM32WBxx_HAL_Driver/Src/stm32wbxx_hal_dma_ex.o
LOAD Drivers/STM32WBxx_HAL_Driver/Src/stm32wbxx_hal_exti.o
LOAD Drivers/STM32WBxx_HAL_Driver/Src/stm32wbxx_hal_flash.o
LOAD Drivers/STM32WBxx_HAL_Driver/Src/stm32wbxx_hal_flash_ex.o
LOAD Drivers/STM32WBxx_HAL_Driver/Src/stm32wbxx_hal_gpio.o
LOAD Drivers/STM32WBxx_HAL_Driver/Src/stm32wbxx_hal_hsem.o
LOAD Drivers/STM32WBxx_HAL_Driver/Src/stm32wbxx_hal_pwr.o
LOAD Drivers/STM32WBxx_HAL_Driver/Src/stm32wbxx_hal_pwr_ex.o
LOAD Drivers/STM32WBxx_HAL_Driver/Src/stm32wbxx_hal_rcc.o
LOAD Drivers/STM32WBxx_HAL_Driver/Src/stm32wbxx_hal_rcc_ex.o
LOAD Drivers/STM32WBxx_HAL_Driver/Src/stm32wbxx_hal_tim.o
LOAD Drivers/STM32WBxx_HAL_Driver/Src/stm32wbxx_hal_tim_ex.o
LOAD Drivers/STM32WBxx_HAL_Driver/Src/stm32wbxx_hal_uart.o
LOAD Drivers/STM32WBxx_HAL_Driver/Src/stm32wbxx_hal_uart_ex.o
LOAD X-CUBE-AI/App/house_price_model.o
LOAD X-CUBE-AI/App/house_price_model_data.o
LOAD ../Middlewares/ST/AI/Lib/NetworkRuntime520_CM4_GCC.a
START GROUP
LOAD /Applications/STM32CubeIDE.app/Contents/Eclipse/plugins/com.st.stm32cube.ide.mcu.externaltools.gnu-tools-for-stm32.7-2018-q2-update.macos64_1.5.0.202011040924/tools/bin/../lib/gcc/arm-none-eabi/7.3.1/../../../../arm-none-eabi/lib/thumb/v7e-m/fpv4-sp/hard/libstdc++_nano.a
LOAD /Applications/STM32CubeIDE.app/Contents/Eclipse/plugins/com.st.stm32cube.ide.mcu.externaltools.gnu-tools-for-stm32.7-2018-q2-update.macos64_1.5.0.202011040924/tools/bin/../lib/gcc/arm-none-eabi/7.3.1/../../../../arm-none-eabi/lib/thumb/v7e-m/fpv4-sp/hard/libsupc++_nano.a
END GROUP
LOAD /Applications/STM32CubeIDE.app/Contents/Eclipse/plugins/com.st.stm32cube.ide.mcu.externaltools.gnu-tools-for-stm32.7-2018-q2-update.macos64_1.5.0.202011040924/tools/bin/../lib/gcc/arm-none-eabi/7.3.1/../../../../arm-none-eabi/lib/thumb/v7e-m/fpv4-sp/hard/libstdc++_nano.a
LOAD /Applications/STM32CubeIDE.app/Contents/Eclipse/plugins/com.st.stm32cube.ide.mcu.externaltools.gnu-tools-for-stm32.7-2018-q2-update.macos64_1.5.0.202011040924/tools/bin/../lib/gcc/arm-none-eabi/7.3.1/../../../../arm-none-eabi/lib/thumb/v7e-m/fpv4-sp/hard/libm.a
LOAD /Applications/STM32CubeIDE.app/Contents/Eclipse/plugins/com.st.stm32cube.ide.mcu.externaltools.gnu-tools-for-stm32.7-2018-q2-update.macos64_1.5.0.202011040924/tools/bin/../lib/gcc/arm-none-eabi/7.3.1/../../../../arm-none-eabi/lib/thumb/v7e-m/fpv4-sp/hard/libc_nano.a
START GROUP
LOAD /Applications/STM32CubeIDE.app/Contents/Eclipse/plugins/com.st.stm32cube.ide.mcu.externaltools.gnu-tools-for-stm32.7-2018-q2-update.macos64_1.5.0.202011040924/tools/bin/../lib/gcc/arm-none-eabi/7.3.1/thumb/v7e-m/fpv4-sp/hard/libgcc.a
LOAD /Applications/STM32CubeIDE.app/Contents/Eclipse/plugins/com.st.stm32cube.ide.mcu.externaltools.gnu-tools-for-stm32.7-2018-q2-update.macos64_1.5.0.202011040924/tools/bin/../lib/gcc/arm-none-eabi/7.3.1/../../../../arm-none-eabi/lib/thumb/v7e-m/fpv4-sp/hard/libc_nano.a
END GROUP
START GROUP
LOAD /Applications/STM32CubeIDE.app/Contents/Eclipse/plugins/com.st.stm32cube.ide.mcu.externaltools.gnu-tools-for-stm32.7-2018-q2-update.macos64_1.5.0.202011040924/tools/bin/../lib/gcc/arm-none-eabi/7.3.1/thumb/v7e-m/fpv4-sp/hard/libgcc.a
LOAD /Applications/STM32CubeIDE.app/Contents/Eclipse/plugins/com.st.stm32cube.ide.mcu.externaltools.gnu-tools-for-stm32.7-2018-q2-update.macos64_1.5.0.202011040924/tools/bin/../lib/gcc/arm-none-eabi/7.3.1/../../../../arm-none-eabi/lib/thumb/v7e-m/fpv4-sp/hard/libc_nano.a
LOAD /Applications/STM32CubeIDE.app/Contents/Eclipse/plugins/com.st.stm32cube.ide.mcu.externaltools.gnu-tools-for-stm32.7-2018-q2-update.macos64_1.5.0.202011040924/tools/bin/../lib/gcc/arm-none-eabi/7.3.1/../../../../arm-none-eabi/lib/thumb/v7e-m/fpv4-sp/hard/libnosys.a
END GROUP
START GROUP
LOAD /Applications/STM32CubeIDE.app/Contents/Eclipse/plugins/com.st.stm32cube.ide.mcu.externaltools.gnu-tools-for-stm32.7-2018-q2-update.macos64_1.5.0.202011040924/tools/bin/../lib/gcc/arm-none-eabi/7.3.1/thumb/v7e-m/fpv4-sp/hard/libgcc.a
LOAD /Applications/STM32CubeIDE.app/Contents/Eclipse/plugins/com.st.stm32cube.ide.mcu.externaltools.gnu-tools-for-stm32.7-2018-q2-update.macos64_1.5.0.202011040924/tools/bin/../lib/gcc/arm-none-eabi/7.3.1/../../../../arm-none-eabi/lib/thumb/v7e-m/fpv4-sp/hard/libc_nano.a
LOAD /Applications/STM32CubeIDE.app/Contents/Eclipse/plugins/com.st.stm32cube.ide.mcu.externaltools.gnu-tools-for-stm32.7-2018-q2-update.macos64_1.5.0.202011040924/tools/bin/../lib/gcc/arm-none-eabi/7.3.1/../../../../arm-none-eabi/lib/thumb/v7e-m/fpv4-sp/hard/libnosys.a
END GROUP
LOAD /Applications/STM32CubeIDE.app/Contents/Eclipse/plugins/com.st.stm32cube.ide.mcu.externaltools.gnu-tools-for-stm32.7-2018-q2-update.macos64_1.5.0.202011040924/tools/bin/../lib/gcc/arm-none-eabi/7.3.1/thumb/v7e-m/fpv4-sp/hard/crtend.o
LOAD /Applications/STM32CubeIDE.app/Contents/Eclipse/plugins/com.st.stm32cube.ide.mcu.externaltools.gnu-tools-for-stm32.7-2018-q2-update.macos64_1.5.0.202011040924/tools/bin/../lib/gcc/arm-none-eabi/7.3.1/thumb/v7e-m/fpv4-sp/hard/crtn.o
                0x0000000020030000                _estack = 0x20030000
                0x0000000000000200                _Min_Heap_Size = 0x200
                0x0000000000000800                _Min_Stack_Size = 0x800

.isr_vector     0x0000000008000000      0x13c
                0x0000000008000000                . = ALIGN (0x4)
 *(.isr_vector)
 .isr_vector    0x0000000008000000      0x13c Core/Startup/startup_stm32wb55rgvx.o
                0x0000000008000000                g_pfnVectors
                0x000000000800013c                . = ALIGN (0x4)

.text           0x0000000008000140     0x87a4
                0x0000000008000140                . = ALIGN (0x4)
 *(.text)
 .text          0x0000000008000140       0x40 /Applications/STM32CubeIDE.app/Contents/Eclipse/plugins/com.st.stm32cube.ide.mcu.externaltools.gnu-tools-for-stm32.7-2018-q2-update.macos64_1.5.0.202011040924/tools/bin/../lib/gcc/arm-none-eabi/7.3.1/thumb/v7e-m/fpv4-sp/hard/crtbegin.o
 .text          0x0000000008000180       0x10 /Applications/STM32CubeIDE.app/Contents/Eclipse/plugins/com.st.stm32cube.ide.mcu.externaltools.gnu-tools-for-stm32.7-2018-q2-update.macos64_1.5.0.202011040924/tools/bin/../lib/gcc/arm-none-eabi/7.3.1/../../../../arm-none-eabi/lib/thumb/v7e-m/fpv4-sp/hard/libc_nano.a(lib_a-strlen.o)
                0x0000000008000180                strlen
 .text          0x0000000008000190       0xa0 /Applications/STM32CubeIDE.app/Contents/Eclipse/plugins/com.st.stm32cube.ide.mcu.externaltools.gnu-tools-for-stm32.7-2018-q2-update.macos64_1.5.0.202011040924/tools/bin/../lib/gcc/arm-none-eabi/7.3.1/../../../../arm-none-eabi/lib/thumb/v7e-m/fpv4-sp/hard/libc_nano.a(lib_a-memchr.o)
                0x0000000008000190                memchr
 .text          0x0000000008000230      0x378 /Applications/STM32CubeIDE.app/Contents/Eclipse/plugins/com.st.stm32cube.ide.mcu.externaltools.gnu-tools-for-stm32.7-2018-q2-update.macos64_1.5.0.202011040924/tools/bin/../lib/gcc/arm-none-eabi/7.3.1/thumb/v7e-m/fpv4-sp/hard/libgcc.a(_arm_addsubdf3.o)
                0x0000000008000230                __aeabi_drsub
                0x0000000008000238                __subdf3
                0x0000000008000238                __aeabi_dsub
                0x000000000800023c                __aeabi_dadd
                0x000000000800023c                __adddf3
                0x00000000080004b4                __aeabi_ui2d
                0x00000000080004b4                __floatunsidf
                0x00000000080004d4                __floatsidf
                0x00000000080004d4                __aeabi_i2d
                0x00000000080004f8                __extendsfdf2
                0x00000000080004f8                __aeabi_f2d
                0x000000000800053c                __aeabi_ul2d
                0x000000000800053c                __floatundidf
                0x000000000800054c                __aeabi_l2d
                0x000000000800054c                __floatdidf
 .text          0x00000000080005a8      0x424 /Applications/STM32CubeIDE.app/Contents/Eclipse/plugins/com.st.stm32cube.ide.mcu.externaltools.gnu-tools-for-stm32.7-2018-q2-update.macos64_1.5.0.202011040924/tools/bin/../lib/gcc/arm-none-eabi/7.3.1/thumb/v7e-m/fpv4-sp/hard/libgcc.a(_arm_muldivdf3.o)
                0x00000000080005a8                __aeabi_dmul
                0x00000000080005a8                __muldf3
                0x00000000080007fc                __aeabi_ddiv
                0x00000000080007fc                __divdf3
 .text          0x00000000080009cc      0x110 /Applications/STM32CubeIDE.app/Contents/Eclipse/plugins/com.st.stm32cube.ide.mcu.externaltools.gnu-tools-for-stm32.7-2018-q2-update.macos64_1.5.0.202011040924/tools/bin/../lib/gcc/arm-none-eabi/7.3.1/thumb/v7e-m/fpv4-sp/hard/libgcc.a(_arm_cmpdf2.o)
                0x00000000080009cc                __gedf2
                0x00000000080009cc                __gtdf2
                0x00000000080009d4                __ledf2
                0x00000000080009d4                __ltdf2
                0x00000000080009dc                __cmpdf2
                0x00000000080009dc                __eqdf2
                0x00000000080009dc                __nedf2
                0x0000000008000a58                __aeabi_cdrcmple
                0x0000000008000a68                __aeabi_cdcmple
                0x0000000008000a68                __aeabi_cdcmpeq
                0x0000000008000a78                __aeabi_dcmpeq
                0x0000000008000a8c                __aeabi_dcmplt
                0x0000000008000aa0                __aeabi_dcmple
                0x0000000008000ab4                __aeabi_dcmpge
                0x0000000008000ac8                __aeabi_dcmpgt
 .text          0x0000000008000adc       0x2c /Applications/STM32CubeIDE.app/Contents/Eclipse/plugins/com.st.stm32cube.ide.mcu.externaltools.gnu-tools-for-stm32.7-2018-q2-update.macos64_1.5.0.202011040924/tools/bin/../lib/gcc/arm-none-eabi/7.3.1/thumb/v7e-m/fpv4-sp/hard/libgcc.a(_arm_unorddf2.o)
                0x0000000008000adc                __aeabi_dcmpun
                0x0000000008000adc                __unorddf2
 .text          0x0000000008000b08       0x50 /Applications/STM32CubeIDE.app/Contents/Eclipse/plugins/com.st.stm32cube.ide.mcu.externaltools.gnu-tools-for-stm32.7-2018-q2-update.macos64_1.5.0.202011040924/tools/bin/../lib/gcc/arm-none-eabi/7.3.1/thumb/v7e-m/fpv4-sp/hard/libgcc.a(_arm_fixdfsi.o)
                0x0000000008000b08                __fixdfsi
                0x0000000008000b08                __aeabi_d2iz
 .text          0x0000000008000b58       0x30 /Applications/STM32CubeIDE.app/Contents/Eclipse/plugins/com.st.stm32cube.ide.mcu.externaltools.gnu-tools-for-stm32.7-2018-q2-update.macos64_1.5.0.202011040924/tools/bin/../lib/gcc/arm-none-eabi/7.3.1/thumb/v7e-m/fpv4-sp/hard/libgcc.a(_aeabi_uldivmod.o)
                0x0000000008000b58                __aeabi_uldivmod
 .text          0x0000000008000b88      0x2cc /Applications/STM32CubeIDE.app/Contents/Eclipse/plugins/com.st.stm32cube.ide.mcu.externaltools.gnu-tools-for-stm32.7-2018-q2-update.macos64_1.5.0.202011040924/tools/bin/../lib/gcc/arm-none-eabi/7.3.1/thumb/v7e-m/fpv4-sp/hard/libgcc.a(_udivmoddi4.o)
                0x0000000008000b88                __udivmoddi4
 .text          0x0000000008000e54        0x4 /Applications/STM32CubeIDE.app/Contents/Eclipse/plugins/com.st.stm32cube.ide.mcu.externaltools.gnu-tools-for-stm32.7-2018-q2-update.macos64_1.5.0.202011040924/tools/bin/../lib/gcc/arm-none-eabi/7.3.1/thumb/v7e-m/fpv4-sp/hard/libgcc.a(_dvmd_tls.o)
                0x0000000008000e54                __aeabi_ldiv0
                0x0000000008000e54                __aeabi_idiv0
 *(.text*)
 .text.LL_AHB1_GRP1_EnableClock
                0x0000000008000e58       0x32 Core/Src/crc.o
 *fill*         0x0000000008000e8a        0x2 
 .text.MX_CRC_Init
                0x0000000008000e8c       0x44 Core/Src/crc.o
                0x0000000008000e8c                MX_CRC_Init
 .text.HAL_CRC_MspInit
                0x0000000008000ed0       0x28 Core/Src/crc.o
                0x0000000008000ed0                HAL_CRC_MspInit
 .text.LL_AHB2_GRP1_EnableClock
                0x0000000008000ef8       0x32 Core/Src/gpio.o
 .text.MX_GPIO_Init
                0x0000000008000f2a       0x14 Core/Src/gpio.o
                0x0000000008000f2a                MX_GPIO_Init
 *fill*         0x0000000008000f3e        0x2 
 .text.main     0x0000000008000f40      0x2b4 Core/Src/main.o
                0x0000000008000f40                main
 .text.SystemClock_Config
                0x00000000080011f4       0xf0 Core/Src/main.o
                0x00000000080011f4                SystemClock_Config
 .text.Error_Handler
                0x00000000080012e4        0x8 Core/Src/main.o
                0x00000000080012e4                Error_Handler
 .text.HAL_MspInit
                0x00000000080012ec        0xe Core/Src/stm32wbxx_hal_msp.o
                0x00000000080012ec                HAL_MspInit
 .text.NMI_Handler
                0x00000000080012fa        0x6 Core/Src/stm32wbxx_it.o
                0x00000000080012fa                NMI_Handler
 .text.HardFault_Handler
                0x0000000008001300        0x6 Core/Src/stm32wbxx_it.o
                0x0000000008001300                HardFault_Handler
 .text.MemManage_Handler
                0x0000000008001306        0x6 Core/Src/stm32wbxx_it.o
                0x0000000008001306                MemManage_Handler
 .text.BusFault_Handler
                0x000000000800130c        0x6 Core/Src/stm32wbxx_it.o
                0x000000000800130c                BusFault_Handler
 .text.UsageFault_Handler
                0x0000000008001312        0x6 Core/Src/stm32wbxx_it.o
                0x0000000008001312                UsageFault_Handler
 .text.SVC_Handler
                0x0000000008001318        0xe Core/Src/stm32wbxx_it.o
                0x0000000008001318                SVC_Handler
 .text.DebugMon_Handler
                0x0000000008001326        0xe Core/Src/stm32wbxx_it.o
                0x0000000008001326                DebugMon_Handler
 .text.PendSV_Handler
                0x0000000008001334        0xe Core/Src/stm32wbxx_it.o
                0x0000000008001334                PendSV_Handler
 .text.SysTick_Handler
                0x0000000008001342        0xc Core/Src/stm32wbxx_it.o
                0x0000000008001342                SysTick_Handler
 *fill*         0x000000000800134e        0x2 
 .text.TIM1_UP_TIM16_IRQHandler
                0x0000000008001350       0x14 Core/Src/stm32wbxx_it.o
                0x0000000008001350                TIM1_UP_TIM16_IRQHandler
 .text.USART1_IRQHandler
                0x0000000008001364       0x14 Core/Src/stm32wbxx_it.o
                0x0000000008001364                USART1_IRQHandler
 .text._sbrk    0x0000000008001378       0x6c Core/Src/sysmem.o
                0x0000000008001378                _sbrk
 .text.SystemInit
                0x00000000080013e4       0xac Core/Src/system_stm32wbxx.o
                0x00000000080013e4                SystemInit
 .text.LL_APB2_GRP1_EnableClock
                0x0000000008001490       0x32 Core/Src/tim.o
 *fill*         0x00000000080014c2        0x2 
 .text.MX_TIM16_Init
                0x00000000080014c4       0x4c Core/Src/tim.o
                0x00000000080014c4                MX_TIM16_Init
 .text.HAL_TIM_Base_MspInit
                0x0000000008001510       0x38 Core/Src/tim.o
                0x0000000008001510                HAL_TIM_Base_MspInit
 .text.LL_AHB2_GRP1_EnableClock
                0x0000000008001548       0x32 Core/Src/usart.o
 .text.LL_APB2_GRP1_EnableClock
                0x000000000800157a       0x32 Core/Src/usart.o
 .text.MX_USART1_UART_Init
                0x00000000080015ac       0x98 Core/Src/usart.o
                0x00000000080015ac                MX_USART1_UART_Init
 .text.HAL_UART_MspInit
                0x0000000008001644       0x70 Core/Src/usart.o
                0x0000000008001644                HAL_UART_MspInit
 .text.data_initializers
                0x00000000080016b4       0x18 Core/Startup/startup_stm32wb55rgvx.o
 .text.Reset_Handler
                0x00000000080016cc       0x54 Core/Startup/startup_stm32wb55rgvx.o
                0x00000000080016cc                Reset_Handler
 .text.Default_Handler
                0x0000000008001720        0x2 Core/Startup/startup_stm32wb55rgvx.o
                0x0000000008001720                DMA2_Channel3_IRQHandler
                0x0000000008001720                EXTI2_IRQHandler
                0x0000000008001720                TIM1_CC_IRQHandler
                0x0000000008001720                TSC_IRQHandler
                0x0000000008001720                USB_HP_IRQHandler
                0x0000000008001720                EXTI3_IRQHandler
                0x0000000008001720                LPTIM2_IRQHandler
                0x0000000008001720                I2C3_ER_IRQHandler
                0x0000000008001720                EXTI0_IRQHandler
                0x0000000008001720                FPU_IRQHandler
                0x0000000008001720                AES1_IRQHandler
                0x0000000008001720                SPI1_IRQHandler
                0x0000000008001720                PWR_SOTF_BLEACT_802ACT_RFPHASE_IRQHandler
                0x0000000008001720                DMA2_Channel2_IRQHandler
                0x0000000008001720                DMA1_Channel4_IRQHandler
                0x0000000008001720                ADC1_IRQHandler
                0x0000000008001720                PKA_IRQHandler
                0x0000000008001720                DMA1_Channel7_IRQHandler
                0x0000000008001720                LCD_IRQHandler
                0x0000000008001720                IPCC_C1_TX_IRQHandler
                0x0000000008001720                DMA2_Channel1_IRQHandler
                0x0000000008001720                QUADSPI_IRQHandler
                0x0000000008001720                I2C1_EV_IRQHandler
                0x0000000008001720                DMAMUX1_OVR_IRQHandler
                0x0000000008001720                DMA1_Channel6_IRQHandler
                0x0000000008001720                DMA2_Channel4_IRQHandler
                0x0000000008001720                RCC_IRQHandler
                0x0000000008001720                DMA1_Channel1_IRQHandler
                0x0000000008001720                Default_Handler
                0x0000000008001720                DMA2_Channel7_IRQHandler
                0x0000000008001720                EXTI15_10_IRQHandler
                0x0000000008001720                IPCC_C1_RX_IRQHandler
                0x0000000008001720                C2SEV_PWR_C2H_IRQHandler
                0x0000000008001720                AES2_IRQHandler
                0x0000000008001720                I2C3_EV_IRQHandler
                0x0000000008001720                EXTI9_5_IRQHandler
                0x0000000008001720                RTC_WKUP_IRQHandler
                0x0000000008001720                PVD_PVM_IRQHandler
                0x0000000008001720                SPI2_IRQHandler
                0x0000000008001720                DMA2_Channel5_IRQHandler
                0x0000000008001720                CRS_IRQHandler
                0x0000000008001720                DMA1_Channel5_IRQHandler
                0x0000000008001720                USB_LP_IRQHandler
                0x0000000008001720                EXTI4_IRQHandler
                0x0000000008001720                RNG_IRQHandler
                0x0000000008001720                TIM1_TRG_COM_TIM17_IRQHandler
                0x0000000008001720                TAMP_STAMP_LSECSS_IRQHandler
                0x0000000008001720                DMA1_Channel3_IRQHandler
                0x0000000008001720                COMP_IRQHandler
                0x0000000008001720                HSEM_IRQHandler
                0x0000000008001720                WWDG_IRQHandler
                0x0000000008001720                LPUART1_IRQHandler
                0x0000000008001720                DMA2_Channel6_IRQHandler
                0x0000000008001720                TIM2_IRQHandler
                0x0000000008001720                TIM1_BRK_IRQHandler
                0x0000000008001720                EXTI1_IRQHandler
                0x0000000008001720                DMA1_Channel2_IRQHandler
                0x0000000008001720                FLASH_IRQHandler
                0x0000000008001720                I2C1_ER_IRQHandler
                0x0000000008001720                LPTIM1_IRQHandler
                0x0000000008001720                SAI1_IRQHandler
                0x0000000008001720                RTC_Alarm_IRQHandler
 *fill*         0x0000000008001722        0x2 
 .text.HAL_Init
                0x0000000008001724       0x40 Drivers/STM32WBxx_HAL_Driver/Src/stm32wbxx_hal.o
                0x0000000008001724                HAL_Init
 .text.HAL_InitTick
                0x0000000008001764       0x74 Drivers/STM32WBxx_HAL_Driver/Src/stm32wbxx_hal.o
                0x0000000008001764                HAL_InitTick
 .text.HAL_IncTick
                0x00000000080017d8       0x28 Drivers/STM32WBxx_HAL_Driver/Src/stm32wbxx_hal.o
                0x00000000080017d8                HAL_IncTick
 .text.HAL_GetTick
                0x0000000008001800       0x18 Drivers/STM32WBxx_HAL_Driver/Src/stm32wbxx_hal.o
                0x0000000008001800                HAL_GetTick
 .text.HAL_GetTickPrio
                0x0000000008001818       0x18 Drivers/STM32WBxx_HAL_Driver/Src/stm32wbxx_hal.o
                0x0000000008001818                HAL_GetTickPrio
 .text.HAL_Delay
                0x0000000008001830       0x44 Drivers/STM32WBxx_HAL_Driver/Src/stm32wbxx_hal.o
                0x0000000008001830                HAL_Delay
 .text.__NVIC_SetPriorityGrouping
                0x0000000008001874       0x48 Drivers/STM32WBxx_HAL_Driver/Src/stm32wbxx_hal_cortex.o
 .text.__NVIC_GetPriorityGrouping
                0x00000000080018bc       0x1c Drivers/STM32WBxx_HAL_Driver/Src/stm32wbxx_hal_cortex.o
 .text.__NVIC_EnableIRQ
                0x00000000080018d8       0x3c Drivers/STM32WBxx_HAL_Driver/Src/stm32wbxx_hal_cortex.o
 .text.__NVIC_SetPriority
                0x0000000008001914       0x54 Drivers/STM32WBxx_HAL_Driver/Src/stm32wbxx_hal_cortex.o
 .text.NVIC_EncodePriority
                0x0000000008001968       0x66 Drivers/STM32WBxx_HAL_Driver/Src/stm32wbxx_hal_cortex.o
 *fill*         0x00000000080019ce        0x2 
 .text.SysTick_Config
                0x00000000080019d0       0x44 Drivers/STM32WBxx_HAL_Driver/Src/stm32wbxx_hal_cortex.o
 .text.HAL_NVIC_SetPriorityGrouping
                0x0000000008001a14       0x16 Drivers/STM32WBxx_HAL_Driver/Src/stm32wbxx_hal_cortex.o
                0x0000000008001a14                HAL_NVIC_SetPriorityGrouping
 .text.HAL_NVIC_SetPriority
                0x0000000008001a2a       0x34 Drivers/STM32WBxx_HAL_Driver/Src/stm32wbxx_hal_cortex.o
                0x0000000008001a2a                HAL_NVIC_SetPriority
 .text.HAL_NVIC_EnableIRQ
                0x0000000008001a5e       0x1c Drivers/STM32WBxx_HAL_Driver/Src/stm32wbxx_hal_cortex.o
                0x0000000008001a5e                HAL_NVIC_EnableIRQ
 .text.HAL_SYSTICK_Config
                0x0000000008001a7a       0x18 Drivers/STM32WBxx_HAL_Driver/Src/stm32wbxx_hal_cortex.o
                0x0000000008001a7a                HAL_SYSTICK_Config
 *fill*         0x0000000008001a92        0x2 
 .text.HAL_CRC_Init
                0x0000000008001a94       0xc8 Drivers/STM32WBxx_HAL_Driver/Src/stm32wbxx_hal_crc.o
                0x0000000008001a94                HAL_CRC_Init
 .text.HAL_CRCEx_Polynomial_Set
                0x0000000008001b5c      0x10c Drivers/STM32WBxx_HAL_Driver/Src/stm32wbxx_hal_crc_ex.o
                0x0000000008001b5c                HAL_CRCEx_Polynomial_Set
 .text.HAL_DMA_Abort_IT
                0x0000000008001c68       0xbe Drivers/STM32WBxx_HAL_Driver/Src/stm32wbxx_hal_dma.o
                0x0000000008001c68                HAL_DMA_Abort_IT
 *fill*         0x0000000008001d26        0x2 
 .text.HAL_GPIO_Init
                0x0000000008001d28      0x2e0 Drivers/STM32WBxx_HAL_Driver/Src/stm32wbxx_hal_gpio.o
                0x0000000008001d28                HAL_GPIO_Init
 .text.HAL_PWR_EnableBkUpAccess
                0x0000000008002008       0x20 Drivers/STM32WBxx_HAL_Driver/Src/stm32wbxx_hal_pwr.o
                0x0000000008002008                HAL_PWR_EnableBkUpAccess
 .text.HAL_PWREx_GetVoltageRange
                0x0000000008002028       0x1c Drivers/STM32WBxx_HAL_Driver/Src/stm32wbxx_hal_pwr_ex.o
                0x0000000008002028                HAL_PWREx_GetVoltageRange
 .text.LL_RCC_HSE_IsEnabledDiv2
                0x0000000008002044       0x24 Drivers/STM32WBxx_HAL_Driver/Src/stm32wbxx_hal_rcc.o
 .text.LL_RCC_HSE_Enable
                0x0000000008002068       0x1e Drivers/STM32WBxx_HAL_Driver/Src/stm32wbxx_hal_rcc.o
 .text.LL_RCC_HSE_Disable
                0x0000000008002086       0x1e Drivers/STM32WBxx_HAL_Driver/Src/stm32wbxx_hal_rcc.o
 .text.LL_RCC_HSE_IsReady
                0x00000000080020a4       0x24 Drivers/STM32WBxx_HAL_Driver/Src/stm32wbxx_hal_rcc.o
 .text.LL_RCC_HSI_Enable
                0x00000000080020c8       0x1e Drivers/STM32WBxx_HAL_Driver/Src/stm32wbxx_hal_rcc.o
 .text.LL_RCC_HSI_Disable
                0x00000000080020e6       0x1e Drivers/STM32WBxx_HAL_Driver/Src/stm32wbxx_hal_rcc.o
 .text.LL_RCC_HSI_IsReady
                0x0000000008002104       0x24 Drivers/STM32WBxx_HAL_Driver/Src/stm32wbxx_hal_rcc.o
 .text.LL_RCC_HSI_SetCalibTrimming
                0x0000000008002128       0x2a Drivers/STM32WBxx_HAL_Driver/Src/stm32wbxx_hal_rcc.o
 .text.LL_RCC_HSI48_Enable
                0x0000000008002152       0x22 Drivers/STM32WBxx_HAL_Driver/Src/stm32wbxx_hal_rcc.o
 .text.LL_RCC_HSI48_Disable
                0x0000000008002174       0x22 Drivers/STM32WBxx_HAL_Driver/Src/stm32wbxx_hal_rcc.o
 .text.LL_RCC_HSI48_IsReady
                0x0000000008002196       0x24 Drivers/STM32WBxx_HAL_Driver/Src/stm32wbxx_hal_rcc.o
 .text.LL_RCC_LSE_Enable
                0x00000000080021ba       0x22 Drivers/STM32WBxx_HAL_Driver/Src/stm32wbxx_hal_rcc.o
 .text.LL_RCC_LSE_Disable
                0x00000000080021dc       0x22 Drivers/STM32WBxx_HAL_Driver/Src/stm32wbxx_hal_rcc.o
 .text.LL_RCC_LSE_EnableBypass
                0x00000000080021fe       0x22 Drivers/STM32WBxx_HAL_Driver/Src/stm32wbxx_hal_rcc.o
 .text.LL_RCC_LSE_DisableBypass
                0x0000000008002220       0x22 Drivers/STM32WBxx_HAL_Driver/Src/stm32wbxx_hal_rcc.o
 .text.LL_RCC_LSE_IsReady
                0x0000000008002242       0x24 Drivers/STM32WBxx_HAL_Driver/Src/stm32wbxx_hal_rcc.o
 .text.LL_RCC_LSI1_Enable
                0x0000000008002266       0x22 Drivers/STM32WBxx_HAL_Driver/Src/stm32wbxx_hal_rcc.o
 .text.LL_RCC_LSI1_Disable
                0x0000000008002288       0x22 Drivers/STM32WBxx_HAL_Driver/Src/stm32wbxx_hal_rcc.o
 .text.LL_RCC_LSI1_IsReady
                0x00000000080022aa       0x24 Drivers/STM32WBxx_HAL_Driver/Src/stm32wbxx_hal_rcc.o
 .text.LL_RCC_LSI2_Enable
                0x00000000080022ce       0x22 Drivers/STM32WBxx_HAL_Driver/Src/stm32wbxx_hal_rcc.o
 .text.LL_RCC_LSI2_Disable
                0x00000000080022f0       0x22 Drivers/STM32WBxx_HAL_Driver/Src/stm32wbxx_hal_rcc.o
 .text.LL_RCC_LSI2_IsReady
                0x0000000008002312       0x24 Drivers/STM32WBxx_HAL_Driver/Src/stm32wbxx_hal_rcc.o
 .text.LL_RCC_LSI2_SetTrimming
                0x0000000008002336       0x2e Drivers/STM32WBxx_HAL_Driver/Src/stm32wbxx_hal_rcc.o
 .text.LL_RCC_MSI_Enable
                0x0000000008002364       0x1e Drivers/STM32WBxx_HAL_Driver/Src/stm32wbxx_hal_rcc.o
 .text.LL_RCC_MSI_Disable
                0x0000000008002382       0x1e Drivers/STM32WBxx_HAL_Driver/Src/stm32wbxx_hal_rcc.o
 .text.LL_RCC_MSI_IsReady
                0x00000000080023a0       0x22 Drivers/STM32WBxx_HAL_Driver/Src/stm32wbxx_hal_rcc.o
 .text.LL_RCC_MSI_SetRange
                0x00000000080023c2       0x28 Drivers/STM32WBxx_HAL_Driver/Src/stm32wbxx_hal_rcc.o
 .text.LL_RCC_MSI_GetRange
                0x00000000080023ea       0x2a Drivers/STM32WBxx_HAL_Driver/Src/stm32wbxx_hal_rcc.o
 .text.LL_RCC_MSI_SetCalibTrimming
                0x0000000008002414       0x2a Drivers/STM32WBxx_HAL_Driver/Src/stm32wbxx_hal_rcc.o
 .text.LL_RCC_SetSysClkSource
                0x000000000800243e       0x28 Drivers/STM32WBxx_HAL_Driver/Src/stm32wbxx_hal_rcc.o
 .text.LL_RCC_GetSysClkSource
                0x0000000008002466       0x18 Drivers/STM32WBxx_HAL_Driver/Src/stm32wbxx_hal_rcc.o
 .text.LL_RCC_SetAHBPrescaler
                0x000000000800247e       0x28 Drivers/STM32WBxx_HAL_Driver/Src/stm32wbxx_hal_rcc.o
 .text.LL_C2_RCC_SetAHBPrescaler
                0x00000000080024a6       0x2c Drivers/STM32WBxx_HAL_Driver/Src/stm32wbxx_hal_rcc.o
 .text.LL_RCC_SetAHB4Prescaler
                0x00000000080024d2       0x2e Drivers/STM32WBxx_HAL_Driver/Src/stm32wbxx_hal_rcc.o
 .text.LL_RCC_SetAPB1Prescaler
                0x0000000008002500       0x28 Drivers/STM32WBxx_HAL_Driver/Src/stm32wbxx_hal_rcc.o
 .text.LL_RCC_SetAPB2Prescaler
                0x0000000008002528       0x28 Drivers/STM32WBxx_HAL_Driver/Src/stm32wbxx_hal_rcc.o
 .text.LL_RCC_GetAHBPrescaler
                0x0000000008002550       0x18 Drivers/STM32WBxx_HAL_Driver/Src/stm32wbxx_hal_rcc.o
 .text.LL_RCC_GetAHB4Prescaler
                0x0000000008002568       0x1c Drivers/STM32WBxx_HAL_Driver/Src/stm32wbxx_hal_rcc.o
 .text.LL_RCC_GetAPB1Prescaler
                0x0000000008002584       0x18 Drivers/STM32WBxx_HAL_Driver/Src/stm32wbxx_hal_rcc.o
 .text.LL_RCC_GetAPB2Prescaler
                0x000000000800259c       0x18 Drivers/STM32WBxx_HAL_Driver/Src/stm32wbxx_hal_rcc.o
 .text.LL_RCC_PLL_Enable
                0x00000000080025b4       0x1e Drivers/STM32WBxx_HAL_Driver/Src/stm32wbxx_hal_rcc.o
 .text.LL_RCC_PLL_Disable
                0x00000000080025d2       0x1e Drivers/STM32WBxx_HAL_Driver/Src/stm32wbxx_hal_rcc.o
 .text.LL_RCC_PLL_IsReady
                0x00000000080025f0       0x24 Drivers/STM32WBxx_HAL_Driver/Src/stm32wbxx_hal_rcc.o
 .text.LL_RCC_PLL_GetN
                0x0000000008002614       0x1a Drivers/STM32WBxx_HAL_Driver/Src/stm32wbxx_hal_rcc.o
 .text.LL_RCC_PLL_GetR
                0x000000000800262e       0x18 Drivers/STM32WBxx_HAL_Driver/Src/stm32wbxx_hal_rcc.o
 .text.LL_RCC_PLL_GetDivider
                0x0000000008002646       0x18 Drivers/STM32WBxx_HAL_Driver/Src/stm32wbxx_hal_rcc.o
 .text.LL_RCC_PLL_GetMainSource
                0x000000000800265e       0x18 Drivers/STM32WBxx_HAL_Driver/Src/stm32wbxx_hal_rcc.o
 .text.LL_RCC_IsActiveFlag_HPRE
                0x0000000008002676       0x24 Drivers/STM32WBxx_HAL_Driver/Src/stm32wbxx_hal_rcc.o
 .text.LL_RCC_IsActiveFlag_C2HPRE
                0x000000000800269a       0x26 Drivers/STM32WBxx_HAL_Driver/Src/stm32wbxx_hal_rcc.o
 .text.LL_RCC_IsActiveFlag_SHDHPRE
                0x00000000080026c0       0x26 Drivers/STM32WBxx_HAL_Driver/Src/stm32wbxx_hal_rcc.o
 .text.LL_RCC_IsActiveFlag_PPRE1
                0x00000000080026e6       0x24 Drivers/STM32WBxx_HAL_Driver/Src/stm32wbxx_hal_rcc.o
 .text.LL_RCC_IsActiveFlag_PPRE2
                0x000000000800270a       0x24 Drivers/STM32WBxx_HAL_Driver/Src/stm32wbxx_hal_rcc.o
 *fill*         0x000000000800272e        0x2 
 .text.HAL_RCC_OscConfig
                0x0000000008002730      0x718 Drivers/STM32WBxx_HAL_Driver/Src/stm32wbxx_hal_rcc.o
                0x0000000008002730                HAL_RCC_OscConfig
 .text.HAL_RCC_ClockConfig
                0x0000000008002e48      0x280 Drivers/STM32WBxx_HAL_Driver/Src/stm32wbxx_hal_rcc.o
                0x0000000008002e48                HAL_RCC_ClockConfig
 .text.HAL_RCC_GetSysClockFreq
                0x00000000080030c8       0xd8 Drivers/STM32WBxx_HAL_Driver/Src/stm32wbxx_hal_rcc.o
                0x00000000080030c8                HAL_RCC_GetSysClockFreq
 .text.HAL_RCC_GetHCLKFreq
                0x00000000080031a0       0x28 Drivers/STM32WBxx_HAL_Driver/Src/stm32wbxx_hal_rcc.o
                0x00000000080031a0                HAL_RCC_GetHCLKFreq
 .text.HAL_RCC_GetPCLK1Freq
                0x00000000080031c8       0x2c Drivers/STM32WBxx_HAL_Driver/Src/stm32wbxx_hal_rcc.o
                0x00000000080031c8                HAL_RCC_GetPCLK1Freq
 .text.HAL_RCC_GetPCLK2Freq
                0x00000000080031f4       0x2c Drivers/STM32WBxx_HAL_Driver/Src/stm32wbxx_hal_rcc.o
                0x00000000080031f4                HAL_RCC_GetPCLK2Freq
 .text.RCC_SetFlashLatencyFromMSIRange
                0x0000000008003220       0x70 Drivers/STM32WBxx_HAL_Driver/Src/stm32wbxx_hal_rcc.o
 .text.RCC_SetFlashLatency
                0x0000000008003290      0x100 Drivers/STM32WBxx_HAL_Driver/Src/stm32wbxx_hal_rcc.o
 .text.LL_RCC_LSE_IsEnabled
                0x0000000008003390       0x24 Drivers/STM32WBxx_HAL_Driver/Src/stm32wbxx_hal_rcc_ex.o
 .text.LL_RCC_LSE_IsReady
                0x00000000080033b4       0x24 Drivers/STM32WBxx_HAL_Driver/Src/stm32wbxx_hal_rcc_ex.o
 .text.LL_RCC_SetRFWKPClockSource
                0x00000000080033d8       0x2c Drivers/STM32WBxx_HAL_Driver/Src/stm32wbxx_hal_rcc_ex.o
 .text.LL_RCC_SetSMPSClockSource
                0x0000000008003404       0x28 Drivers/STM32WBxx_HAL_Driver/Src/stm32wbxx_hal_rcc_ex.o
 .text.LL_RCC_SetSMPSPrescaler
                0x000000000800342c       0x28 Drivers/STM32WBxx_HAL_Driver/Src/stm32wbxx_hal_rcc_ex.o
 .text.LL_RCC_SetUSARTClockSource
                0x0000000008003454       0x2c Drivers/STM32WBxx_HAL_Driver/Src/stm32wbxx_hal_rcc_ex.o
 .text.LL_RCC_SetLPUARTClockSource
                0x0000000008003480       0x2c Drivers/STM32WBxx_HAL_Driver/Src/stm32wbxx_hal_rcc_ex.o
 .text.LL_RCC_SetI2CClockSource
                0x00000000080034ac       0x3a Drivers/STM32WBxx_HAL_Driver/Src/stm32wbxx_hal_rcc_ex.o
 .text.LL_RCC_SetLPTIMClockSource
                0x00000000080034e6       0x34 Drivers/STM32WBxx_HAL_Driver/Src/stm32wbxx_hal_rcc_ex.o
 .text.LL_RCC_SetSAIClockSource
                0x000000000800351a       0x2c Drivers/STM32WBxx_HAL_Driver/Src/stm32wbxx_hal_rcc_ex.o
 .text.LL_RCC_SetRNGClockSource
                0x0000000008003546       0x2c Drivers/STM32WBxx_HAL_Driver/Src/stm32wbxx_hal_rcc_ex.o
 .text.LL_RCC_SetCLK48ClockSource
                0x0000000008003572       0x2c Drivers/STM32WBxx_HAL_Driver/Src/stm32wbxx_hal_rcc_ex.o
 .text.LL_RCC_SetUSBClockSource
                0x000000000800359e       0x16 Drivers/STM32WBxx_HAL_Driver/Src/stm32wbxx_hal_rcc_ex.o
 .text.LL_RCC_SetADCClockSource
                0x00000000080035b4       0x2c Drivers/STM32WBxx_HAL_Driver/Src/stm32wbxx_hal_rcc_ex.o
 .text.LL_RCC_SetRTCClockSource
                0x00000000080035e0       0x2c Drivers/STM32WBxx_HAL_Driver/Src/stm32wbxx_hal_rcc_ex.o
 .text.LL_RCC_GetRTCClockSource
                0x000000000800360c       0x1a Drivers/STM32WBxx_HAL_Driver/Src/stm32wbxx_hal_rcc_ex.o
 .text.LL_RCC_ForceBackupDomainReset
                0x0000000008003626       0x22 Drivers/STM32WBxx_HAL_Driver/Src/stm32wbxx_hal_rcc_ex.o
 .text.LL_RCC_ReleaseBackupDomainReset
                0x0000000008003648       0x22 Drivers/STM32WBxx_HAL_Driver/Src/stm32wbxx_hal_rcc_ex.o
 .text.LL_RCC_PLLSAI1_Enable
                0x000000000800366a       0x1e Drivers/STM32WBxx_HAL_Driver/Src/stm32wbxx_hal_rcc_ex.o
 .text.LL_RCC_PLLSAI1_Disable
                0x0000000008003688       0x1e Drivers/STM32WBxx_HAL_Driver/Src/stm32wbxx_hal_rcc_ex.o
 .text.LL_RCC_PLLSAI1_IsReady
                0x00000000080036a6       0x24 Drivers/STM32WBxx_HAL_Driver/Src/stm32wbxx_hal_rcc_ex.o
 .text.HAL_RCCEx_PeriphCLKConfig
                0x00000000080036ca      0x2ea Drivers/STM32WBxx_HAL_Driver/Src/stm32wbxx_hal_rcc_ex.o
                0x00000000080036ca                HAL_RCCEx_PeriphCLKConfig
 .text.RCCEx_PLLSAI1_ConfigNP
                0x00000000080039b4       0xb6 Drivers/STM32WBxx_HAL_Driver/Src/stm32wbxx_hal_rcc_ex.o
 .text.RCCEx_PLLSAI1_ConfigNQ
                0x0000000008003a6a       0xb6 Drivers/STM32WBxx_HAL_Driver/Src/stm32wbxx_hal_rcc_ex.o
 .text.RCCEx_PLLSAI1_ConfigNR
                0x0000000008003b20       0xb6 Drivers/STM32WBxx_HAL_Driver/Src/stm32wbxx_hal_rcc_ex.o
 .text.HAL_TIM_Base_Init
                0x0000000008003bd6       0xae Drivers/STM32WBxx_HAL_Driver/Src/stm32wbxx_hal_tim.o
                0x0000000008003bd6                HAL_TIM_Base_Init
 .text.HAL_TIM_Base_Start
                0x0000000008003c84       0x8c Drivers/STM32WBxx_HAL_Driver/Src/stm32wbxx_hal_tim.o
                0x0000000008003c84                HAL_TIM_Base_Start
 .text.HAL_TIM_IRQHandler
                0x0000000008003d10      0x23e Drivers/STM32WBxx_HAL_Driver/Src/stm32wbxx_hal_tim.o
                0x0000000008003d10                HAL_TIM_IRQHandler
 .text.HAL_TIM_PeriodElapsedCallback
                0x0000000008003f4e       0x14 Drivers/STM32WBxx_HAL_Driver/Src/stm32wbxx_hal_tim.o
                0x0000000008003f4e                HAL_TIM_PeriodElapsedCallback
 .text.HAL_TIM_OC_DelayElapsedCallback
                0x0000000008003f62       0x14 Drivers/STM32WBxx_HAL_Driver/Src/stm32wbxx_hal_tim.o
                0x0000000008003f62                HAL_TIM_OC_DelayElapsedCallback
 .text.HAL_TIM_IC_CaptureCallback
                0x0000000008003f76       0x14 Drivers/STM32WBxx_HAL_Driver/Src/stm32wbxx_hal_tim.o
                0x0000000008003f76                HAL_TIM_IC_CaptureCallback
 .text.HAL_TIM_PWM_PulseFinishedCallback
                0x0000000008003f8a       0x14 Drivers/STM32WBxx_HAL_Driver/Src/stm32wbxx_hal_tim.o
                0x0000000008003f8a                HAL_TIM_PWM_PulseFinishedCallback
 .text.HAL_TIM_TriggerCallback
                0x0000000008003f9e       0x14 Drivers/STM32WBxx_HAL_Driver/Src/stm32wbxx_hal_tim.o
                0x0000000008003f9e                HAL_TIM_TriggerCallback
 *fill*         0x0000000008003fb2        0x2 
 .text.TIM_Base_SetConfig
                0x0000000008003fb4       0xc8 Drivers/STM32WBxx_HAL_Driver/Src/stm32wbxx_hal_tim.o
                0x0000000008003fb4                TIM_Base_SetConfig
 .text.HAL_TIMEx_CommutCallback
                0x000000000800407c       0x14 Drivers/STM32WBxx_HAL_Driver/Src/stm32wbxx_hal_tim_ex.o
                0x000000000800407c                HAL_TIMEx_CommutCallback
 .text.HAL_TIMEx_BreakCallback
                0x0000000008004090       0x14 Drivers/STM32WBxx_HAL_Driver/Src/stm32wbxx_hal_tim_ex.o
                0x0000000008004090                HAL_TIMEx_BreakCallback
 .text.HAL_TIMEx_Break2Callback
                0x00000000080040a4       0x14 Drivers/STM32WBxx_HAL_Driver/Src/stm32wbxx_hal_tim_ex.o
                0x00000000080040a4                HAL_TIMEx_Break2Callback
 .text.LL_RCC_GetUSARTClockSource
                0x00000000080040b8       0x20 Drivers/STM32WBxx_HAL_Driver/Src/stm32wbxx_hal_uart.o
 .text.LL_RCC_GetLPUARTClockSource
                0x00000000080040d8       0x20 Drivers/STM32WBxx_HAL_Driver/Src/stm32wbxx_hal_uart.o
 .text.HAL_UART_Init
                0x00000000080040f8       0xa0 Drivers/STM32WBxx_HAL_Driver/Src/stm32wbxx_hal_uart.o
                0x00000000080040f8                HAL_UART_Init
 .text.HAL_UART_Transmit
                0x0000000008004198      0x12c Drivers/STM32WBxx_HAL_Driver/Src/stm32wbxx_hal_uart.o
                0x0000000008004198                HAL_UART_Transmit
 .text.HAL_UART_IRQHandler
                0x00000000080042c4      0x300 Drivers/STM32WBxx_HAL_Driver/Src/stm32wbxx_hal_uart.o
                0x00000000080042c4                HAL_UART_IRQHandler
 .text.HAL_UART_TxCpltCallback
                0x00000000080045c4       0x14 Drivers/STM32WBxx_HAL_Driver/Src/stm32wbxx_hal_uart.o
                0x00000000080045c4                HAL_UART_TxCpltCallback
 .text.HAL_UART_ErrorCallback
                0x00000000080045d8       0x14 Drivers/STM32WBxx_HAL_Driver/Src/stm32wbxx_hal_uart.o
                0x00000000080045d8                HAL_UART_ErrorCallback
 .text.UART_SetConfig
                0x00000000080045ec      0x41c Drivers/STM32WBxx_HAL_Driver/Src/stm32wbxx_hal_uart.o
                0x00000000080045ec                UART_SetConfig
 .text.UART_AdvFeatureConfig
                0x0000000008004a08      0x144 Drivers/STM32WBxx_HAL_Driver/Src/stm32wbxx_hal_uart.o
                0x0000000008004a08                UART_AdvFeatureConfig
 .text.UART_CheckIdleState
                0x0000000008004b4c       0x90 Drivers/STM32WBxx_HAL_Driver/Src/stm32wbxx_hal_uart.o
                0x0000000008004b4c                UART_CheckIdleState
 .text.UART_WaitOnFlagUntilTimeout
                0x0000000008004bdc      0x100 Drivers/STM32WBxx_HAL_Driver/Src/stm32wbxx_hal_uart.o
                0x0000000008004bdc                UART_WaitOnFlagUntilTimeout
 .text.UART_EndRxTransfer
                0x0000000008004cdc       0x46 Drivers/STM32WBxx_HAL_Driver/Src/stm32wbxx_hal_uart.o
 .text.UART_DMAAbortOnError
                0x0000000008004d22       0x2c Drivers/STM32WBxx_HAL_Driver/Src/stm32wbxx_hal_uart.o
 .text.UART_EndTransmit_IT
                0x0000000008004d4e       0x34 Drivers/STM32WBxx_HAL_Driver/Src/stm32wbxx_hal_uart.o
 .text.HAL_UARTEx_WakeupCallback
                0x0000000008004d82       0x14 Drivers/STM32WBxx_HAL_Driver/Src/stm32wbxx_hal_uart_ex.o
                0x0000000008004d82                HAL_UARTEx_WakeupCallback
 .text.HAL_UARTEx_RxFifoFullCallback
                0x0000000008004d96       0x14 Drivers/STM32WBxx_HAL_Driver/Src/stm32wbxx_hal_uart_ex.o
                0x0000000008004d96                HAL_UARTEx_RxFifoFullCallback
 .text.HAL_UARTEx_TxFifoEmptyCallback
                0x0000000008004daa       0x14 Drivers/STM32WBxx_HAL_Driver/Src/stm32wbxx_hal_uart_ex.o
                0x0000000008004daa                HAL_UARTEx_TxFifoEmptyCallback
 .text.HAL_UARTEx_DisableFifoMode
                0x0000000008004dbe       0x72 Drivers/STM32WBxx_HAL_Driver/Src/stm32wbxx_hal_uart_ex.o
                0x0000000008004dbe                HAL_UARTEx_DisableFifoMode
 .text.HAL_UARTEx_SetTxFifoThreshold
                0x0000000008004e30       0x7c Drivers/STM32WBxx_HAL_Driver/Src/stm32wbxx_hal_uart_ex.o
                0x0000000008004e30                HAL_UARTEx_SetTxFifoThreshold
 .text.HAL_UARTEx_SetRxFifoThreshold
                0x0000000008004eac       0x7c Drivers/STM32WBxx_HAL_Driver/Src/stm32wbxx_hal_uart_ex.o
                0x0000000008004eac                HAL_UARTEx_SetRxFifoThreshold
 .text.UARTEx_SetNbDataToProcess
                0x0000000008004f28       0xd0 Drivers/STM32WBxx_HAL_Driver/Src/stm32wbxx_hal_uart_ex.o
 .text.house_price_model_configure_activations
                0x0000000008004ff8      0x1c8 X-CUBE-AI/App/house_price_model.o
 .text.house_price_model_configure_weights
                0x00000000080051c0      0x378 X-CUBE-AI/App/house_price_model.o
 .text.ai_house_price_model_create
                0x0000000008005538       0x2c X-CUBE-AI/App/house_price_model.o
                0x0000000008005538                ai_house_price_model_create
 .text.ai_house_price_model_init
                0x0000000008005564       0x7e X-CUBE-AI/App/house_price_model.o
                0x0000000008005564                ai_house_price_model_init
 .text.ai_house_price_model_run
                0x00000000080055e2       0x20 X-CUBE-AI/App/house_price_model.o
                0x00000000080055e2                ai_house_price_model_run
 *fill*         0x0000000008005602        0x2 
 .text.ai_house_price_model_data_weights_get
                0x0000000008005604       0x14 X-CUBE-AI/App/house_price_model_data.o
                0x0000000008005604                ai_house_price_model_data_weights_get
 .text.unlikely._platform_network_state_setup.isra.1
                0x0000000008005618       0x3e ../Middlewares/ST/AI/Lib/NetworkRuntime520_CM4_GCC.a(ai_platform_interface.o)
 *fill*         0x0000000008005656        0x2 
 .text.ai_platform_network_create
                0x0000000008005658       0xb0 ../Middlewares/ST/AI/Lib/NetworkRuntime520_CM4_GCC.a(ai_platform_interface.o)
                0x0000000008005658                ai_platform_network_create
 .text.ai_platform_network_init
                0x0000000008005708       0xfc ../Middlewares/ST/AI/Lib/NetworkRuntime520_CM4_GCC.a(ai_platform_interface.o)
                0x0000000008005708                ai_platform_network_init
 .text.ai_platform_network_post_init
                0x0000000008005804       0x90 ../Middlewares/ST/AI/Lib/NetworkRuntime520_CM4_GCC.a(ai_platform_interface.o)
                0x0000000008005804                ai_platform_network_post_init
 .text.ai_platform_network_process
                0x0000000008005894      0x414 ../Middlewares/ST/AI/Lib/NetworkRuntime520_CM4_GCC.a(ai_platform_interface.o)
                0x0000000008005894                ai_platform_network_process
 .text.core_init
                0x0000000008005ca8        0x4 ../Middlewares/ST/AI/Lib/NetworkRuntime520_CM4_GCC.a(core_common.o)
                0x0000000008005ca8                core_init
 .text.core_set_error
                0x0000000008005cac       0x18 ../Middlewares/ST/AI/Lib/NetworkRuntime520_CM4_GCC.a(core_common.o)
                0x0000000008005cac                core_set_error
 .text.ai_dict8_dot_array_f32
                0x0000000008005cc4      0x19c ../Middlewares/ST/AI/Lib/NetworkRuntime520_CM4_GCC.a(layers_conv2d_generic_float.o)
                0x0000000008005cc4                ai_dict8_dot_array_f32
 .text.ai_dict4_dot_array_f32
                0x0000000008005e60      0x17c ../Middlewares/ST/AI/Lib/NetworkRuntime520_CM4_GCC.a(layers_conv2d_generic_float.o)
                0x0000000008005e60                ai_dict4_dot_array_f32
 .text.forward_dense
                0x0000000008005fdc      0x450 ../Middlewares/ST/AI/Lib/NetworkRuntime520_CM4_GCC.a(layers_conv2d_generic_float.o)
                0x0000000008005fdc                forward_dense
 .text.nl_func_relu_generic_array_f32
                0x000000000800642c       0xf8 ../Middlewares/ST/AI/Lib/NetworkRuntime520_CM4_GCC.a(layers_nl_generic_float.o)
                0x000000000800642c                nl_func_relu_generic_array_f32
 .text.forward_relu
                0x0000000008006524      0x120 ../Middlewares/ST/AI/Lib/NetworkRuntime520_CM4_GCC.a(layers_nl_generic_float.o)
                0x0000000008006524                forward_relu
 .text.ai_check_custom_types
                0x0000000008006644       0x54 ../Middlewares/ST/AI/Lib/NetworkRuntime520_CM4_GCC.a(layers.o)
                0x0000000008006644                ai_check_custom_types
 .text.ai_layers_forward_all
                0x0000000008006698       0x74 ../Middlewares/ST/AI/Lib/NetworkRuntime520_CM4_GCC.a(layers.o)
                0x0000000008006698                ai_layers_forward_all
 .text.ai_array_to_buffer_fmt
                0x000000000800670c       0x98 ../Middlewares/ST/AI/Lib/NetworkRuntime520_CM4_GCC.a(ai_datatypes_format.o)
                0x000000000800670c                ai_array_to_buffer_fmt
 .text.ai_array_get_byte_size
                0x00000000080067a4       0x44 ../Middlewares/ST/AI/Lib/NetworkRuntime520_CM4_GCC.a(ai_datatypes_format.o)
                0x00000000080067a4                ai_array_get_byte_size
 .text.__errno  0x00000000080067e8        0xc /Applications/STM32CubeIDE.app/Contents/Eclipse/plugins/com.st.stm32cube.ide.mcu.externaltools.gnu-tools-for-stm32.7-2018-q2-update.macos64_1.5.0.202011040924/tools/bin/../lib/gcc/arm-none-eabi/7.3.1/../../../../arm-none-eabi/lib/thumb/v7e-m/fpv4-sp/hard/libc_nano.a(lib_a-errno.o)
                0x00000000080067e8                __errno
 .text.__libc_init_array
                0x00000000080067f4       0x48 /Applications/STM32CubeIDE.app/Contents/Eclipse/plugins/com.st.stm32cube.ide.mcu.externaltools.gnu-tools-for-stm32.7-2018-q2-update.macos64_1.5.0.202011040924/tools/bin/../lib/gcc/arm-none-eabi/7.3.1/../../../../arm-none-eabi/lib/thumb/v7e-m/fpv4-sp/hard/libc_nano.a(lib_a-init.o)
                0x00000000080067f4                __libc_init_array
 .text.malloc   0x000000000800683c       0x10 /Applications/STM32CubeIDE.app/Contents/Eclipse/plugins/com.st.stm32cube.ide.mcu.externaltools.gnu-tools-for-stm32.7-2018-q2-update.macos64_1.5.0.202011040924/tools/bin/../lib/gcc/arm-none-eabi/7.3.1/../../../../arm-none-eabi/lib/thumb/v7e-m/fpv4-sp/hard/libc_nano.a(lib_a-malloc.o)
                0x000000000800683c                malloc
 .text.memcpy   0x000000000800684c       0x16 /Applications/STM32CubeIDE.app/Contents/Eclipse/plugins/com.st.stm32cube.ide.mcu.externaltools.gnu-tools-for-stm32.7-2018-q2-update.macos64_1.5.0.202011040924/tools/bin/../lib/gcc/arm-none-eabi/7.3.1/../../../../arm-none-eabi/lib/thumb/v7e-m/fpv4-sp/hard/libc_nano.a(lib_a-memcpy-stub.o)
                0x000000000800684c                memcpy
 .text.memset   0x0000000008006862       0x10 /Applications/STM32CubeIDE.app/Contents/Eclipse/plugins/com.st.stm32cube.ide.mcu.externaltools.gnu-tools-for-stm32.7-2018-q2-update.macos64_1.5.0.202011040924/tools/bin/../lib/gcc/arm-none-eabi/7.3.1/../../../../arm-none-eabi/lib/thumb/v7e-m/fpv4-sp/hard/libc_nano.a(lib_a-memset.o)
                0x0000000008006862                memset
 *fill*         0x0000000008006872        0x2 
 .text._free_r  0x0000000008006874       0x9c /Applications/STM32CubeIDE.app/Contents/Eclipse/plugins/com.st.stm32cube.ide.mcu.externaltools.gnu-tools-for-stm32.7-2018-q2-update.macos64_1.5.0.202011040924/tools/bin/../lib/gcc/arm-none-eabi/7.3.1/../../../../arm-none-eabi/lib/thumb/v7e-m/fpv4-sp/hard/libc_nano.a(lib_a-nano-freer.o)
                0x0000000008006874                _free_r
 .text._malloc_r
                0x0000000008006910       0xb4 /Applications/STM32CubeIDE.app/Contents/Eclipse/plugins/com.st.stm32cube.ide.mcu.externaltools.gnu-tools-for-stm32.7-2018-q2-update.macos64_1.5.0.202011040924/tools/bin/../lib/gcc/arm-none-eabi/7.3.1/../../../../arm-none-eabi/lib/thumb/v7e-m/fpv4-sp/hard/libc_nano.a(lib_a-nano-mallocr.o)
                0x0000000008006910                _malloc_r
 .text.__cvt    0x00000000080069c4       0xc2 /Applications/STM32CubeIDE.app/Contents/Eclipse/plugins/com.st.stm32cube.ide.mcu.externaltools.gnu-tools-for-stm32.7-2018-q2-update.macos64_1.5.0.202011040924/tools/bin/../lib/gcc/arm-none-eabi/7.3.1/../../../../arm-none-eabi/lib/thumb/v7e-m/fpv4-sp/hard/libc_nano.a(lib_a-nano-vfprintf_float.o)
                0x00000000080069c4                __cvt
 .text.__exponent
                0x0000000008006a86       0x66 /Applications/STM32CubeIDE.app/Contents/Eclipse/plugins/com.st.stm32cube.ide.mcu.externaltools.gnu-tools-for-stm32.7-2018-q2-update.macos64_1.5.0.202011040924/tools/bin/../lib/gcc/arm-none-eabi/7.3.1/../../../../arm-none-eabi/lib/thumb/v7e-m/fpv4-sp/hard/libc_nano.a(lib_a-nano-vfprintf_float.o)
                0x0000000008006a86                __exponent
 .text._printf_float
                0x0000000008006aec      0x480 /Applications/STM32CubeIDE.app/Contents/Eclipse/plugins/com.st.stm32cube.ide.mcu.externaltools.gnu-tools-for-stm32.7-2018-q2-update.macos64_1.5.0.202011040924/tools/bin/../lib/gcc/arm-none-eabi/7.3.1/../../../../arm-none-eabi/lib/thumb/v7e-m/fpv4-sp/hard/libc_nano.a(lib_a-nano-vfprintf_float.o)
                0x0000000008006aec                _printf_float
 .text._printf_common
                0x0000000008006f6c       0xea /Applications/STM32CubeIDE.app/Contents/Eclipse/plugins/com.st.stm32cube.ide.mcu.externaltools.gnu-tools-for-stm32.7-2018-q2-update.macos64_1.5.0.202011040924/tools/bin/../lib/gcc/arm-none-eabi/7.3.1/../../../../arm-none-eabi/lib/thumb/v7e-m/fpv4-sp/hard/libc_nano.a(lib_a-nano-vfprintf_i.o)
                0x0000000008006f6c                _printf_common
 *fill*         0x0000000008007056        0x2 
 .text._printf_i
                0x0000000008007058      0x224 /Applications/STM32CubeIDE.app/Contents/Eclipse/plugins/com.st.stm32cube.ide.mcu.externaltools.gnu-tools-for-stm32.7-2018-q2-update.macos64_1.5.0.202011040924/tools/bin/../lib/gcc/arm-none-eabi/7.3.1/../../../../arm-none-eabi/lib/thumb/v7e-m/fpv4-sp/hard/libc_nano.a(lib_a-nano-vfprintf_i.o)
                0x0000000008007058                _printf_i
 .text._sbrk_r  0x000000000800727c       0x20 /Applications/STM32CubeIDE.app/Contents/Eclipse/plugins/com.st.stm32cube.ide.mcu.externaltools.gnu-tools-for-stm32.7-2018-q2-update.macos64_1.5.0.202011040924/tools/bin/../lib/gcc/arm-none-eabi/7.3.1/../../../../arm-none-eabi/lib/thumb/v7e-m/fpv4-sp/hard/libc_nano.a(lib_a-sbrkr.o)
                0x000000000800727c                _sbrk_r
 .text.sprintf  0x000000000800729c       0x40 /Applications/STM32CubeIDE.app/Contents/Eclipse/plugins/com.st.stm32cube.ide.mcu.externaltools.gnu-tools-for-stm32.7-2018-q2-update.macos64_1.5.0.202011040924/tools/bin/../lib/gcc/arm-none-eabi/7.3.1/../../../../arm-none-eabi/lib/thumb/v7e-m/fpv4-sp/hard/libc_nano.a(lib_a-sprintf.o)
                0x000000000800729c                sprintf
                0x000000000800729c                siprintf
 .text.quorem   0x00000000080072dc      0x118 /Applications/STM32CubeIDE.app/Contents/Eclipse/plugins/com.st.stm32cube.ide.mcu.externaltools.gnu-tools-for-stm32.7-2018-q2-update.macos64_1.5.0.202011040924/tools/bin/../lib/gcc/arm-none-eabi/7.3.1/../../../../arm-none-eabi/lib/thumb/v7e-m/fpv4-sp/hard/libc_nano.a(lib_a-dtoa.o)
 *fill*         0x00000000080073f4        0x4 
 .text._dtoa_r  0x00000000080073f8      0xb70 /Applications/STM32CubeIDE.app/Contents/Eclipse/plugins/com.st.stm32cube.ide.mcu.externaltools.gnu-tools-for-stm32.7-2018-q2-update.macos64_1.5.0.202011040924/tools/bin/../lib/gcc/arm-none-eabi/7.3.1/../../../../arm-none-eabi/lib/thumb/v7e-m/fpv4-sp/hard/libc_nano.a(lib_a-dtoa.o)
                0x00000000080073f8                _dtoa_r
 .text._localeconv_r
                0x0000000008007f68       0x1c /Applications/STM32CubeIDE.app/Contents/Eclipse/plugins/com.st.stm32cube.ide.mcu.externaltools.gnu-tools-for-stm32.7-2018-q2-update.macos64_1.5.0.202011040924/tools/bin/../lib/gcc/arm-none-eabi/7.3.1/../../../../arm-none-eabi/lib/thumb/v7e-m/fpv4-sp/hard/libc_nano.a(lib_a-localeconv.o)
                0x0000000008007f68                _localeconv_r
 .text.__malloc_lock
                0x0000000008007f84        0x2 /Applications/STM32CubeIDE.app/Contents/Eclipse/plugins/com.st.stm32cube.ide.mcu.externaltools.gnu-tools-for-stm32.7-2018-q2-update.macos64_1.5.0.202011040924/tools/bin/../lib/gcc/arm-none-eabi/7.3.1/../../../../arm-none-eabi/lib/thumb/v7e-m/fpv4-sp/hard/libc_nano.a(lib_a-mlock.o)
                0x0000000008007f84                __malloc_lock
 .text.__malloc_unlock
                0x0000000008007f86        0x2 /Applications/STM32CubeIDE.app/Contents/Eclipse/plugins/com.st.stm32cube.ide.mcu.externaltools.gnu-tools-for-stm32.7-2018-q2-update.macos64_1.5.0.202011040924/tools/bin/../lib/gcc/arm-none-eabi/7.3.1/../../../../arm-none-eabi/lib/thumb/v7e-m/fpv4-sp/hard/libc_nano.a(lib_a-mlock.o)
                0x0000000008007f86                __malloc_unlock
 .text._Balloc  0x0000000008007f88       0x68 /Applications/STM32CubeIDE.app/Contents/Eclipse/plugins/com.st.stm32cube.ide.mcu.externaltools.gnu-tools-for-stm32.7-2018-q2-update.macos64_1.5.0.202011040924/tools/bin/../lib/gcc/arm-none-eabi/7.3.1/../../../../arm-none-eabi/lib/thumb/v7e-m/fpv4-sp/hard/libc_nano.a(lib_a-mprec.o)
                0x0000000008007f88                _Balloc
 .text._Bfree   0x0000000008007ff0       0x2e /Applications/STM32CubeIDE.app/Contents/Eclipse/plugins/com.st.stm32cube.ide.mcu.externaltools.gnu-tools-for-stm32.7-2018-q2-update.macos64_1.5.0.202011040924/tools/bin/../lib/gcc/arm-none-eabi/7.3.1/../../../../arm-none-eabi/lib/thumb/v7e-m/fpv4-sp/hard/libc_nano.a(lib_a-mprec.o)
                0x0000000008007ff0                _Bfree
 .text.__multadd
                0x000000000800801e       0x76 /Applications/STM32CubeIDE.app/Contents/Eclipse/plugins/com.st.stm32cube.ide.mcu.externaltools.gnu-tools-for-stm32.7-2018-q2-update.macos64_1.5.0.202011040924/tools/bin/../lib/gcc/arm-none-eabi/7.3.1/../../../../arm-none-eabi/lib/thumb/v7e-m/fpv4-sp/hard/libc_nano.a(lib_a-mprec.o)
                0x000000000800801e                __multadd
 .text.__hi0bits
                0x0000000008008094       0x3e /Applications/STM32CubeIDE.app/Contents/Eclipse/plugins/com.st.stm32cube.ide.mcu.externaltools.gnu-tools-for-stm32.7-2018-q2-update.macos64_1.5.0.202011040924/tools/bin/../lib/gcc/arm-none-eabi/7.3.1/../../../../arm-none-eabi/lib/thumb/v7e-m/fpv4-sp/hard/libc_nano.a(lib_a-mprec.o)
                0x0000000008008094                __hi0bits
 .text.__lo0bits
                0x00000000080080d2       0x5e /Applications/STM32CubeIDE.app/Contents/Eclipse/plugins/com.st.stm32cube.ide.mcu.externaltools.gnu-tools-for-stm32.7-2018-q2-update.macos64_1.5.0.202011040924/tools/bin/../lib/gcc/arm-none-eabi/7.3.1/../../../../arm-none-eabi/lib/thumb/v7e-m/fpv4-sp/hard/libc_nano.a(lib_a-mprec.o)
                0x00000000080080d2                __lo0bits
 .text.__i2b    0x0000000008008130       0x12 /Applications/STM32CubeIDE.app/Contents/Eclipse/plugins/com.st.stm32cube.ide.mcu.externaltools.gnu-tools-for-stm32.7-2018-q2-update.macos64_1.5.0.202011040924/tools/bin/../lib/gcc/arm-none-eabi/7.3.1/../../../../arm-none-eabi/lib/thumb/v7e-m/fpv4-sp/hard/libc_nano.a(lib_a-mprec.o)
                0x0000000008008130                __i2b
 .text.__multiply
                0x0000000008008142      0x12c /Applications/STM32CubeIDE.app/Contents/Eclipse/plugins/com.st.stm32cube.ide.mcu.externaltools.gnu-tools-for-stm32.7-2018-q2-update.macos64_1.5.0.202011040924/tools/bin/../lib/gcc/arm-none-eabi/7.3.1/../../../../arm-none-eabi/lib/thumb/v7e-m/fpv4-sp/hard/libc_nano.a(lib_a-mprec.o)
                0x0000000008008142                __multiply
 *fill*         0x000000000800826e        0x2 
 .text.__pow5mult
                0x0000000008008270       0x9c /Applications/STM32CubeIDE.app/Contents/Eclipse/plugins/com.st.stm32cube.ide.mcu.externaltools.gnu-tools-for-stm32.7-2018-q2-update.macos64_1.5.0.202011040924/tools/bin/../lib/gcc/arm-none-eabi/7.3.1/../../../../arm-none-eabi/lib/thumb/v7e-m/fpv4-sp/hard/libc_nano.a(lib_a-mprec.o)
                0x0000000008008270                __pow5mult
 .text.__lshift
                0x000000000800830c       0xa8 /Applications/STM32CubeIDE.app/Contents/Eclipse/plugins/com.st.stm32cube.ide.mcu.externaltools.gnu-tools-for-stm32.7-2018-q2-update.macos64_1.5.0.202011040924/tools/bin/../lib/gcc/arm-none-eabi/7.3.1/../../../../arm-none-eabi/lib/thumb/v7e-m/fpv4-sp/hard/libc_nano.a(lib_a-mprec.o)
                0x000000000800830c                __lshift
 .text.__mcmp   0x00000000080083b4       0x34 /Applications/STM32CubeIDE.app/Contents/Eclipse/plugins/com.st.stm32cube.ide.mcu.externaltools.gnu-tools-for-stm32.7-2018-q2-update.macos64_1.5.0.202011040924/tools/bin/../lib/gcc/arm-none-eabi/7.3.1/../../../../arm-none-eabi/lib/thumb/v7e-m/fpv4-sp/hard/libc_nano.a(lib_a-mprec.o)
                0x00000000080083b4                __mcmp
 .text.__mdiff  0x00000000080083e8       0xba /Applications/STM32CubeIDE.app/Contents/Eclipse/plugins/com.st.stm32cube.ide.mcu.externaltools.gnu-tools-for-stm32.7-2018-q2-update.macos64_1.5.0.202011040924/tools/bin/../lib/gcc/arm-none-eabi/7.3.1/../../../../arm-none-eabi/lib/thumb/v7e-m/fpv4-sp/hard/libc_nano.a(lib_a-mprec.o)
                0x00000000080083e8                __mdiff
 .text.__d2b    0x00000000080084a2       0x9e /Applications/STM32CubeIDE.app/Contents/Eclipse/plugins/com.st.stm32cube.ide.mcu.externaltools.gnu-tools-for-stm32.7-2018-q2-update.macos64_1.5.0.202011040924/tools/bin/../lib/gcc/arm-none-eabi/7.3.1/../../../../arm-none-eabi/lib/thumb/v7e-m/fpv4-sp/hard/libc_nano.a(lib_a-mprec.o)
                0x00000000080084a2                __d2b
 .text._calloc_r
                0x0000000008008540       0x1c /Applications/STM32CubeIDE.app/Contents/Eclipse/plugins/com.st.stm32cube.ide.mcu.externaltools.gnu-tools-for-stm32.7-2018-q2-update.macos64_1.5.0.202011040924/tools/bin/../lib/gcc/arm-none-eabi/7.3.1/../../../../arm-none-eabi/lib/thumb/v7e-m/fpv4-sp/hard/libc_nano.a(lib_a-nano-callocr.o)
                0x0000000008008540                _calloc_r
 .text._realloc_r
                0x000000000800855c       0x4c /Applications/STM32CubeIDE.app/Contents/Eclipse/plugins/com.st.stm32cube.ide.mcu.externaltools.gnu-tools-for-stm32.7-2018-q2-update.macos64_1.5.0.202011040924/tools/bin/../lib/gcc/arm-none-eabi/7.3.1/../../../../arm-none-eabi/lib/thumb/v7e-m/fpv4-sp/hard/libc_nano.a(lib_a-nano-reallocr.o)
                0x000000000800855c                _realloc_r
 .text.__ssputs_r
                0x00000000080085a8       0xb4 /Applications/STM32CubeIDE.app/Contents/Eclipse/plugins/com.st.stm32cube.ide.mcu.externaltools.gnu-tools-for-stm32.7-2018-q2-update.macos64_1.5.0.202011040924/tools/bin/../lib/gcc/arm-none-eabi/7.3.1/../../../../arm-none-eabi/lib/thumb/v7e-m/fpv4-sp/hard/libc_nano.a(lib_a-nano-svfprintf.o)
                0x00000000080085a8                __ssputs_r
 .text._svfprintf_r
                0x000000000800865c      0x1f0 /Applications/STM32CubeIDE.app/Contents/Eclipse/plugins/com.st.stm32cube.ide.mcu.externaltools.gnu-tools-for-stm32.7-2018-q2-update.macos64_1.5.0.202011040924/tools/bin/../lib/gcc/arm-none-eabi/7.3.1/../../../../arm-none-eabi/lib/thumb/v7e-m/fpv4-sp/hard/libc_nano.a(lib_a-nano-svfprintf.o)
                0x000000000800865c                _svfprintf_r
                0x000000000800865c                _svfiprintf_r
 .text.__ascii_mbtowc
                0x000000000800884c       0x24 /Applications/STM32CubeIDE.app/Contents/Eclipse/plugins/com.st.stm32cube.ide.mcu.externaltools.gnu-tools-for-stm32.7-2018-q2-update.macos64_1.5.0.202011040924/tools/bin/../lib/gcc/arm-none-eabi/7.3.1/../../../../arm-none-eabi/lib/thumb/v7e-m/fpv4-sp/hard/libc_nano.a(lib_a-mbtowc_r.o)
                0x000000000800884c                __ascii_mbtowc
 .text.memmove  0x0000000008008870       0x32 /Applications/STM32CubeIDE.app/Contents/Eclipse/plugins/com.st.stm32cube.ide.mcu.externaltools.gnu-tools-for-stm32.7-2018-q2-update.macos64_1.5.0.202011040924/tools/bin/../lib/gcc/arm-none-eabi/7.3.1/../../../../arm-none-eabi/lib/thumb/v7e-m/fpv4-sp/hard/libc_nano.a(lib_a-memmove.o)
                0x0000000008008870                memmove
 .text._malloc_usable_size_r
                0x00000000080088a2       0x10 /Applications/STM32CubeIDE.app/Contents/Eclipse/plugins/com.st.stm32cube.ide.mcu.externaltools.gnu-tools-for-stm32.7-2018-q2-update.macos64_1.5.0.202011040924/tools/bin/../lib/gcc/arm-none-eabi/7.3.1/../../../../arm-none-eabi/lib/thumb/v7e-m/fpv4-sp/hard/libc_nano.a(lib_a-nano-msizer.o)
                0x00000000080088a2                _malloc_usable_size_r
 .text.__ascii_wctomb
                0x00000000080088b2       0x1a /Applications/STM32CubeIDE.app/Contents/Eclipse/plugins/com.st.stm32cube.ide.mcu.externaltools.gnu-tools-for-stm32.7-2018-q2-update.macos64_1.5.0.202011040924/tools/bin/../lib/gcc/arm-none-eabi/7.3.1/../../../../arm-none-eabi/lib/thumb/v7e-m/fpv4-sp/hard/libc_nano.a(lib_a-wctomb_r.o)
                0x00000000080088b2                __ascii_wctomb
 *(.glue_7)
 .glue_7        0x00000000080088cc        0x0 linker stubs
 *(.glue_7t)
 .glue_7t       0x00000000080088cc        0x0 linker stubs
 *(.eh_frame)
 .eh_frame      0x00000000080088cc        0x0 /Applications/STM32CubeIDE.app/Contents/Eclipse/plugins/com.st.stm32cube.ide.mcu.externaltools.gnu-tools-for-stm32.7-2018-q2-update.macos64_1.5.0.202011040924/tools/bin/../lib/gcc/arm-none-eabi/7.3.1/thumb/v7e-m/fpv4-sp/hard/crtbegin.o
 *(.init)
 .init          0x00000000080088cc        0x4 /Applications/STM32CubeIDE.app/Contents/Eclipse/plugins/com.st.stm32cube.ide.mcu.externaltools.gnu-tools-for-stm32.7-2018-q2-update.macos64_1.5.0.202011040924/tools/bin/../lib/gcc/arm-none-eabi/7.3.1/thumb/v7e-m/fpv4-sp/hard/crti.o
                0x00000000080088cc                _init
 .init          0x00000000080088d0        0x8 /Applications/STM32CubeIDE.app/Contents/Eclipse/plugins/com.st.stm32cube.ide.mcu.externaltools.gnu-tools-for-stm32.7-2018-q2-update.macos64_1.5.0.202011040924/tools/bin/../lib/gcc/arm-none-eabi/7.3.1/thumb/v7e-m/fpv4-sp/hard/crtn.o
 *(.fini)
 .fini          0x00000000080088d8        0x4 /Applications/STM32CubeIDE.app/Contents/Eclipse/plugins/com.st.stm32cube.ide.mcu.externaltools.gnu-tools-for-stm32.7-2018-q2-update.macos64_1.5.0.202011040924/tools/bin/../lib/gcc/arm-none-eabi/7.3.1/thumb/v7e-m/fpv4-sp/hard/crti.o
                0x00000000080088d8                _fini
 .fini          0x00000000080088dc        0x8 /Applications/STM32CubeIDE.app/Contents/Eclipse/plugins/com.st.stm32cube.ide.mcu.externaltools.gnu-tools-for-stm32.7-2018-q2-update.macos64_1.5.0.202011040924/tools/bin/../lib/gcc/arm-none-eabi/7.3.1/thumb/v7e-m/fpv4-sp/hard/crtn.o
                0x00000000080088e4                . = ALIGN (0x4)
                0x00000000080088e4                _etext = .

.vfp11_veneer   0x00000000080088e4        0x0
 .vfp11_veneer  0x00000000080088e4        0x0 linker stubs

.v4_bx          0x00000000080088e4        0x0
 .v4_bx         0x00000000080088e4        0x0 linker stubs

.iplt           0x00000000080088e4        0x0
 .iplt          0x00000000080088e4        0x0 /Applications/STM32CubeIDE.app/Contents/Eclipse/plugins/com.st.stm32cube.ide.mcu.externaltools.gnu-tools-for-stm32.7-2018-q2-update.macos64_1.5.0.202011040924/tools/bin/../lib/gcc/arm-none-eabi/7.3.1/thumb/v7e-m/fpv4-sp/hard/crtbegin.o

.rodata         0x00000000080088e8     0x6af8
                0x00000000080088e8                . = ALIGN (0x4)
 *(.rodata)
 .rodata        0x00000000080088e8       0xdc Core/Src/main.o
 .rodata        0x00000000080089c4       0x2c Drivers/STM32WBxx_HAL_Driver/Src/stm32wbxx_hal_rcc.o
 .rodata        0x00000000080089f0       0x10 Drivers/STM32WBxx_HAL_Driver/Src/stm32wbxx_hal_uart_ex.o
 .rodata        0x0000000008008a00        0x4 ../Middlewares/ST/AI/Lib/NetworkRuntime520_CM4_GCC.a(layers.o)
 *(.rodata*)
 .rodata.AHBPrescTable
                0x0000000008008a04       0x40 Core/Src/system_stm32wbxx.o
                0x0000000008008a04                AHBPrescTable
 .rodata.APBPrescTable
                0x0000000008008a44       0x20 Core/Src/system_stm32wbxx.o
                0x0000000008008a44                APBPrescTable
 .rodata.MSIRangeTable
                0x0000000008008a64       0x40 Core/Src/system_stm32wbxx.o
                0x0000000008008a64                MSIRangeTable
 .rodata.UARTPrescTable
                0x0000000008008aa4       0x18 Drivers/STM32WBxx_HAL_Driver/Src/stm32wbxx_hal_uart.o
                0x0000000008008aa4                UARTPrescTable
 .rodata.dense_0_chain
                0x0000000008008abc        0x8 X-CUBE-AI/App/house_price_model.o
 .rodata.nl_0_chain
                0x0000000008008ac4        0x8 X-CUBE-AI/App/house_price_model.o
 .rodata.dense_1_chain
                0x0000000008008acc        0x8 X-CUBE-AI/App/house_price_model.o
 .rodata.nl_1_chain
                0x0000000008008ad4        0x8 X-CUBE-AI/App/house_price_model.o
 .rodata.dense_2_chain
                0x0000000008008adc        0x8 X-CUBE-AI/App/house_price_model.o
 .rodata.nl_2_chain
                0x0000000008008ae4        0x8 X-CUBE-AI/App/house_price_model.o
 .rodata.dense_3_chain
                0x0000000008008aec        0x8 X-CUBE-AI/App/house_price_model.o
 .rodata.nl_3_chain
                0x0000000008008af4        0x8 X-CUBE-AI/App/house_price_model.o
 .rodata.dense_4_chain
                0x0000000008008afc        0x8 X-CUBE-AI/App/house_price_model.o
 .rodata.nl_4_chain
                0x0000000008008b04        0x8 X-CUBE-AI/App/house_price_model.o
 .rodata.dense_5_chain
                0x0000000008008b0c        0x8 X-CUBE-AI/App/house_price_model.o
 .rodata.nl_5_chain
                0x0000000008008b14        0x8 X-CUBE-AI/App/house_price_model.o
 .rodata.dense_6_chain
                0x0000000008008b1c        0x8 X-CUBE-AI/App/house_price_model.o
 .rodata.nl_6_chain
                0x0000000008008b24        0x8 X-CUBE-AI/App/house_price_model.o
 .rodata.dense_7_chain
                0x0000000008008b2c        0x8 X-CUBE-AI/App/house_price_model.o
 .rodata.nl_7_chain
                0x0000000008008b34        0x8 X-CUBE-AI/App/house_price_model.o
 .rodata.dense_8_chain
                0x0000000008008b3c        0x8 X-CUBE-AI/App/house_price_model.o
 .rodata.nl_8_chain
                0x0000000008008b44        0x8 X-CUBE-AI/App/house_price_model.o
 .rodata.dense_9_chain
                0x0000000008008b4c        0x8 X-CUBE-AI/App/house_price_model.o
 .rodata.nl_9_chain
                0x0000000008008b54        0x8 X-CUBE-AI/App/house_price_model.o
 .rodata.dense_10_chain
                0x0000000008008b5c        0x8 X-CUBE-AI/App/house_price_model.o
 .rodata.nl_10_chain
                0x0000000008008b64        0x8 X-CUBE-AI/App/house_price_model.o
 .rodata.s_house_price_model_weights.5657
                0x0000000008008b6c     0x6618 X-CUBE-AI/App/house_price_model_data.o
 .rodata._printf_float.str1.1
                0x000000000800f184       0x12 /Applications/STM32CubeIDE.app/Contents/Eclipse/plugins/com.st.stm32cube.ide.mcu.externaltools.gnu-tools-for-stm32.7-2018-q2-update.macos64_1.5.0.202011040924/tools/bin/../lib/gcc/arm-none-eabi/7.3.1/../../../../arm-none-eabi/lib/thumb/v7e-m/fpv4-sp/hard/libc_nano.a(lib_a-nano-vfprintf_float.o)
 .rodata._printf_i.str1.1
                0x000000000800f196       0x22 /Applications/STM32CubeIDE.app/Contents/Eclipse/plugins/com.st.stm32cube.ide.mcu.externaltools.gnu-tools-for-stm32.7-2018-q2-update.macos64_1.5.0.202011040924/tools/bin/../lib/gcc/arm-none-eabi/7.3.1/../../../../arm-none-eabi/lib/thumb/v7e-m/fpv4-sp/hard/libc_nano.a(lib_a-nano-vfprintf_i.o)
 .rodata._dtoa_r.str1.1
                0x000000000800f1b8        0xd /Applications/STM32CubeIDE.app/Contents/Eclipse/plugins/com.st.stm32cube.ide.mcu.externaltools.gnu-tools-for-stm32.7-2018-q2-update.macos64_1.5.0.202011040924/tools/bin/../lib/gcc/arm-none-eabi/7.3.1/../../../../arm-none-eabi/lib/thumb/v7e-m/fpv4-sp/hard/libc_nano.a(lib_a-dtoa.o)
                                          0xf (size before relaxing)
 *fill*         0x000000000800f1c5        0x3 
 .rodata.__mprec_bigtens
                0x000000000800f1c8       0x28 /Applications/STM32CubeIDE.app/Contents/Eclipse/plugins/com.st.stm32cube.ide.mcu.externaltools.gnu-tools-for-stm32.7-2018-q2-update.macos64_1.5.0.202011040924/tools/bin/../lib/gcc/arm-none-eabi/7.3.1/../../../../arm-none-eabi/lib/thumb/v7e-m/fpv4-sp/hard/libc_nano.a(lib_a-mprec.o)
                0x000000000800f1c8                __mprec_bigtens
 .rodata.__mprec_tens
                0x000000000800f1f0       0xc8 /Applications/STM32CubeIDE.app/Contents/Eclipse/plugins/com.st.stm32cube.ide.mcu.externaltools.gnu-tools-for-stm32.7-2018-q2-update.macos64_1.5.0.202011040924/tools/bin/../lib/gcc/arm-none-eabi/7.3.1/../../../../arm-none-eabi/lib/thumb/v7e-m/fpv4-sp/hard/libc_nano.a(lib_a-mprec.o)
                0x000000000800f1f0                __mprec_tens
 .rodata.p05.7359
                0x000000000800f2b8        0xc /Applications/STM32CubeIDE.app/Contents/Eclipse/plugins/com.st.stm32cube.ide.mcu.externaltools.gnu-tools-for-stm32.7-2018-q2-update.macos64_1.5.0.202011040924/tools/bin/../lib/gcc/arm-none-eabi/7.3.1/../../../../arm-none-eabi/lib/thumb/v7e-m/fpv4-sp/hard/libc_nano.a(lib_a-mprec.o)
 .rodata._svfprintf_r.str1.1
                0x000000000800f2c4       0x11 /Applications/STM32CubeIDE.app/Contents/Eclipse/plugins/com.st.stm32cube.ide.mcu.externaltools.gnu-tools-for-stm32.7-2018-q2-update.macos64_1.5.0.202011040924/tools/bin/../lib/gcc/arm-none-eabi/7.3.1/../../../../arm-none-eabi/lib/thumb/v7e-m/fpv4-sp/hard/libc_nano.a(lib_a-nano-svfprintf.o)
 .rodata._setlocale_r.str1.1
                0x000000000800f2d5        0x8 /Applications/STM32CubeIDE.app/Contents/Eclipse/plugins/com.st.stm32cube.ide.mcu.externaltools.gnu-tools-for-stm32.7-2018-q2-update.macos64_1.5.0.202011040924/tools/bin/../lib/gcc/arm-none-eabi/7.3.1/../../../../arm-none-eabi/lib/thumb/v7e-m/fpv4-sp/hard/libc_nano.a(lib_a-locale.o)
                                          0x9 (size before relaxing)
 .rodata.str1.1
                0x000000000800f2dd        0x2 /Applications/STM32CubeIDE.app/Contents/Eclipse/plugins/com.st.stm32cube.ide.mcu.externaltools.gnu-tools-for-stm32.7-2018-q2-update.macos64_1.5.0.202011040924/tools/bin/../lib/gcc/arm-none-eabi/7.3.1/../../../../arm-none-eabi/lib/thumb/v7e-m/fpv4-sp/hard/libc_nano.a(lib_a-locale.o)
 .rodata._ctype_
                0x000000000800f2df      0x101 /Applications/STM32CubeIDE.app/Contents/Eclipse/plugins/com.st.stm32cube.ide.mcu.externaltools.gnu-tools-for-stm32.7-2018-q2-update.macos64_1.5.0.202011040924/tools/bin/../lib/gcc/arm-none-eabi/7.3.1/../../../../arm-none-eabi/lib/thumb/v7e-m/fpv4-sp/hard/libc_nano.a(lib_a-ctype_.o)
                0x000000000800f2df                _ctype_
                0x000000000800f3e0                . = ALIGN (0x4)

.ARM.extab
 *(.ARM.extab* .gnu.linkonce.armextab.*)

.ARM            0x000000000800f3e0        0x8
                0x000000000800f3e0                __exidx_start = .
 *(.ARM.exidx*)
 .ARM.exidx     0x000000000800f3e0        0x8 /Applications/STM32CubeIDE.app/Contents/Eclipse/plugins/com.st.stm32cube.ide.mcu.externaltools.gnu-tools-for-stm32.7-2018-q2-update.macos64_1.5.0.202011040924/tools/bin/../lib/gcc/arm-none-eabi/7.3.1/thumb/v7e-m/fpv4-sp/hard/libgcc.a(_udivmoddi4.o)
                0x000000000800f3e8                __exidx_end = .

.rel.dyn        0x000000000800f3e8        0x0
 .rel.iplt      0x000000000800f3e8        0x0 /Applications/STM32CubeIDE.app/Contents/Eclipse/plugins/com.st.stm32cube.ide.mcu.externaltools.gnu-tools-for-stm32.7-2018-q2-update.macos64_1.5.0.202011040924/tools/bin/../lib/gcc/arm-none-eabi/7.3.1/thumb/v7e-m/fpv4-sp/hard/crtbegin.o

.preinit_array  0x000000000800f3e8        0x0
                0x000000000800f3e8                PROVIDE (__preinit_array_start = .)
 *(.preinit_array*)
                0x000000000800f3e8                PROVIDE (__preinit_array_end = .)

.init_array     0x000000000800f3e8        0x4
                0x000000000800f3e8                PROVIDE (__init_array_start = .)
 *(SORT_BY_NAME(.init_array.*))
 *(.init_array*)
 .init_array    0x000000000800f3e8        0x4 /Applications/STM32CubeIDE.app/Contents/Eclipse/plugins/com.st.stm32cube.ide.mcu.externaltools.gnu-tools-for-stm32.7-2018-q2-update.macos64_1.5.0.202011040924/tools/bin/../lib/gcc/arm-none-eabi/7.3.1/thumb/v7e-m/fpv4-sp/hard/crtbegin.o
                0x000000000800f3ec                PROVIDE (__init_array_end = .)

.fini_array     0x000000000800f3ec        0x4
                [!provide]                        PROVIDE (__fini_array_start = .)
 *(SORT_BY_NAME(.fini_array.*))
 *(.fini_array*)
 .fini_array    0x000000000800f3ec        0x4 /Applications/STM32CubeIDE.app/Contents/Eclipse/plugins/com.st.stm32cube.ide.mcu.externaltools.gnu-tools-for-stm32.7-2018-q2-update.macos64_1.5.0.202011040924/tools/bin/../lib/gcc/arm-none-eabi/7.3.1/thumb/v7e-m/fpv4-sp/hard/crtbegin.o
                [!provide]                        PROVIDE (__fini_array_end = .)
                0x000000000800f3f0                _sidata = LOADADDR (.data)

.data           0x0000000020000004     0x1734 load address 0x000000000800f3f0
                0x0000000020000004                . = ALIGN (0x4)
                0x0000000020000004                _sdata = .
 *(.data)
 *(.data*)
 .data.SystemCoreClock
                0x0000000020000004        0x4 Core/Src/system_stm32wbxx.o
                0x0000000020000004                SystemCoreClock
 .data.uwTickPrio
                0x0000000020000008        0x4 Drivers/STM32WBxx_HAL_Driver/Src/stm32wbxx_hal.o
                0x0000000020000008                uwTickPrio
 .data.uwTickFreq
                0x000000002000000c        0x1 Drivers/STM32WBxx_HAL_Driver/Src/stm32wbxx_hal.o
                0x000000002000000c                uwTickFreq
 *fill*         0x000000002000000d        0x3 
 .data.g_house_price_model
                0x0000000020000010       0x60 X-CUBE-AI/App/house_price_model.o
 .data.dense_10_bias_array
                0x0000000020000070       0x10 X-CUBE-AI/App/house_price_model.o
 .data.dense_10_weights_array
                0x0000000020000080       0x10 X-CUBE-AI/App/house_price_model.o
 .data.dense_9_bias_array
                0x0000000020000090       0x10 X-CUBE-AI/App/house_price_model.o
 .data.dense_9_weights_array
                0x00000000200000a0       0x10 X-CUBE-AI/App/house_price_model.o
 .data.dense_8_bias_array
                0x00000000200000b0       0x10 X-CUBE-AI/App/house_price_model.o
 .data.dense_8_weights_array
                0x00000000200000c0       0x10 X-CUBE-AI/App/house_price_model.o
 .data.dense_7_bias_array
                0x00000000200000d0       0x10 X-CUBE-AI/App/house_price_model.o
 .data.dense_7_weights_array
                0x00000000200000e0       0x10 X-CUBE-AI/App/house_price_model.o
 .data.dense_6_bias_array
                0x00000000200000f0       0x10 X-CUBE-AI/App/house_price_model.o
 .data.dense_6_weights_array
                0x0000000020000100       0x10 X-CUBE-AI/App/house_price_model.o
 .data.dense_5_bias_array
                0x0000000020000110       0x10 X-CUBE-AI/App/house_price_model.o
 .data.dense_5_weights_array
                0x0000000020000120       0x10 X-CUBE-AI/App/house_price_model.o
 .data.dense_4_bias_array
                0x0000000020000130       0x10 X-CUBE-AI/App/house_price_model.o
 .data.dense_4_weights_array
                0x0000000020000140       0x10 X-CUBE-AI/App/house_price_model.o
 .data.dense_3_bias_array
                0x0000000020000150       0x10 X-CUBE-AI/App/house_price_model.o
 .data.dense_3_weights_array
                0x0000000020000160       0x10 X-CUBE-AI/App/house_price_model.o
 .data.dense_2_bias_array
                0x0000000020000170       0x10 X-CUBE-AI/App/house_price_model.o
 .data.dense_2_weights_array
                0x0000000020000180       0x10 X-CUBE-AI/App/house_price_model.o
 .data.dense_1_bias_array
                0x0000000020000190       0x10 X-CUBE-AI/App/house_price_model.o
 .data.dense_1_weights_array
                0x00000000200001a0       0x10 X-CUBE-AI/App/house_price_model.o
 .data.dense_0_bias_array
                0x00000000200001b0       0x10 X-CUBE-AI/App/house_price_model.o
 .data.dense_0_weights_array
                0x00000000200001c0       0x10 X-CUBE-AI/App/house_price_model.o
 .data.dense_73_input_output_array
                0x00000000200001d0       0x10 X-CUBE-AI/App/house_price_model.o
 .data.dense_0_output_array
                0x00000000200001e0       0x10 X-CUBE-AI/App/house_price_model.o
 .data.nl_0_output_array
                0x00000000200001f0       0x10 X-CUBE-AI/App/house_price_model.o
 .data.dense_1_output_array
                0x0000000020000200       0x10 X-CUBE-AI/App/house_price_model.o
 .data.nl_1_output_array
                0x0000000020000210       0x10 X-CUBE-AI/App/house_price_model.o
 .data.dense_2_output_array
                0x0000000020000220       0x10 X-CUBE-AI/App/house_price_model.o
 .data.nl_2_output_array
                0x0000000020000230       0x10 X-CUBE-AI/App/house_price_model.o
 .data.dense_3_output_array
                0x0000000020000240       0x10 X-CUBE-AI/App/house_price_model.o
 .data.nl_3_output_array
                0x0000000020000250       0x10 X-CUBE-AI/App/house_price_model.o
 .data.dense_4_output_array
                0x0000000020000260       0x10 X-CUBE-AI/App/house_price_model.o
 .data.nl_4_output_array
                0x0000000020000270       0x10 X-CUBE-AI/App/house_price_model.o
 .data.dense_5_output_array
                0x0000000020000280       0x10 X-CUBE-AI/App/house_price_model.o
 .data.nl_5_output_array
                0x0000000020000290       0x10 X-CUBE-AI/App/house_price_model.o
 .data.dense_6_output_array
                0x00000000200002a0       0x10 X-CUBE-AI/App/house_price_model.o
 .data.nl_6_output_array
                0x00000000200002b0       0x10 X-CUBE-AI/App/house_price_model.o
 .data.dense_7_output_array
                0x00000000200002c0       0x10 X-CUBE-AI/App/house_price_model.o
 .data.nl_7_output_array
                0x00000000200002d0       0x10 X-CUBE-AI/App/house_price_model.o
 .data.dense_8_output_array
                0x00000000200002e0       0x10 X-CUBE-AI/App/house_price_model.o
 .data.nl_8_output_array
                0x00000000200002f0       0x10 X-CUBE-AI/App/house_price_model.o
 .data.dense_9_output_array
                0x0000000020000300       0x10 X-CUBE-AI/App/house_price_model.o
 .data.nl_9_output_array
                0x0000000020000310       0x10 X-CUBE-AI/App/house_price_model.o
 .data.dense_10_output_array
                0x0000000020000320       0x10 X-CUBE-AI/App/house_price_model.o
 .data.nl_10_output_array
                0x0000000020000330       0x10 X-CUBE-AI/App/house_price_model.o
 .data.dense_10_bias
                0x0000000020000340       0x1c X-CUBE-AI/App/house_price_model.o
 .data.dense_10_weights
                0x000000002000035c       0x1c X-CUBE-AI/App/house_price_model.o
 .data.dense_9_bias
                0x0000000020000378       0x1c X-CUBE-AI/App/house_price_model.o
 .data.dense_9_weights
                0x0000000020000394       0x1c X-CUBE-AI/App/house_price_model.o
 .data.dense_8_bias
                0x00000000200003b0       0x1c X-CUBE-AI/App/house_price_model.o
 .data.dense_8_weights
                0x00000000200003cc       0x1c X-CUBE-AI/App/house_price_model.o
 .data.dense_7_bias
                0x00000000200003e8       0x1c X-CUBE-AI/App/house_price_model.o
 .data.dense_7_weights
                0x0000000020000404       0x1c X-CUBE-AI/App/house_price_model.o
 .data.dense_6_bias
                0x0000000020000420       0x1c X-CUBE-AI/App/house_price_model.o
 .data.dense_6_weights
                0x000000002000043c       0x1c X-CUBE-AI/App/house_price_model.o
 .data.dense_5_bias
                0x0000000020000458       0x1c X-CUBE-AI/App/house_price_model.o
 .data.dense_5_weights
                0x0000000020000474       0x1c X-CUBE-AI/App/house_price_model.o
 .data.dense_4_bias
                0x0000000020000490       0x1c X-CUBE-AI/App/house_price_model.o
 .data.dense_4_weights
                0x00000000200004ac       0x1c X-CUBE-AI/App/house_price_model.o
 .data.dense_3_bias
                0x00000000200004c8       0x1c X-CUBE-AI/App/house_price_model.o
 .data.dense_3_weights
                0x00000000200004e4       0x1c X-CUBE-AI/App/house_price_model.o
 .data.dense_2_bias
                0x0000000020000500       0x1c X-CUBE-AI/App/house_price_model.o
 .data.dense_2_weights
                0x000000002000051c       0x1c X-CUBE-AI/App/house_price_model.o
 .data.dense_1_bias
                0x0000000020000538       0x1c X-CUBE-AI/App/house_price_model.o
 .data.dense_1_weights
                0x0000000020000554       0x1c X-CUBE-AI/App/house_price_model.o
 .data.dense_0_bias
                0x0000000020000570       0x1c X-CUBE-AI/App/house_price_model.o
 .data.dense_0_weights
                0x000000002000058c       0x1c X-CUBE-AI/App/house_price_model.o
 .data.dense_73_input_output
                0x00000000200005a8       0x1c X-CUBE-AI/App/house_price_model.o
 .data.dense_0_output
                0x00000000200005c4       0x1c X-CUBE-AI/App/house_price_model.o
 .data.nl_0_output
                0x00000000200005e0       0x1c X-CUBE-AI/App/house_price_model.o
 .data.dense_1_output
                0x00000000200005fc       0x1c X-CUBE-AI/App/house_price_model.o
 .data.nl_1_output
                0x0000000020000618       0x1c X-CUBE-AI/App/house_price_model.o
 .data.dense_2_output
                0x0000000020000634       0x1c X-CUBE-AI/App/house_price_model.o
 .data.nl_2_output
                0x0000000020000650       0x1c X-CUBE-AI/App/house_price_model.o
 .data.dense_3_output
                0x000000002000066c       0x1c X-CUBE-AI/App/house_price_model.o
 .data.nl_3_output
                0x0000000020000688       0x1c X-CUBE-AI/App/house_price_model.o
 .data.dense_4_output
                0x00000000200006a4       0x1c X-CUBE-AI/App/house_price_model.o
 .data.nl_4_output
                0x00000000200006c0       0x1c X-CUBE-AI/App/house_price_model.o
 .data.dense_5_output
                0x00000000200006dc       0x1c X-CUBE-AI/App/house_price_model.o
 .data.nl_5_output
                0x00000000200006f8       0x1c X-CUBE-AI/App/house_price_model.o
 .data.dense_6_output
                0x0000000020000714       0x1c X-CUBE-AI/App/house_price_model.o
 .data.nl_6_output
                0x0000000020000730       0x1c X-CUBE-AI/App/house_price_model.o
 .data.dense_7_output
                0x000000002000074c       0x1c X-CUBE-AI/App/house_price_model.o
 .data.nl_7_output
                0x0000000020000768       0x1c X-CUBE-AI/App/house_price_model.o
 .data.dense_8_output
                0x0000000020000784       0x1c X-CUBE-AI/App/house_price_model.o
 .data.nl_8_output
                0x00000000200007a0       0x1c X-CUBE-AI/App/house_price_model.o
 .data.dense_9_output
                0x00000000200007bc       0x1c X-CUBE-AI/App/house_price_model.o
 .data.nl_9_output
                0x00000000200007d8       0x1c X-CUBE-AI/App/house_price_model.o
 .data.dense_10_output
                0x00000000200007f4       0x1c X-CUBE-AI/App/house_price_model.o
 .data.nl_10_output
                0x0000000020000810       0x1c X-CUBE-AI/App/house_price_model.o
 .data.dense_0_layer
                0x000000002000082c       0x18 X-CUBE-AI/App/house_price_model.o
 .data.nl_0_layer
                0x0000000020000844       0x1c X-CUBE-AI/App/house_price_model.o
 .data.dense_1_layer
                0x0000000020000860       0x18 X-CUBE-AI/App/house_price_model.o
 .data.nl_1_layer
                0x0000000020000878       0x1c X-CUBE-AI/App/house_price_model.o
 .data.dense_2_layer
                0x0000000020000894       0x18 X-CUBE-AI/App/house_price_model.o
 .data.nl_2_layer
                0x00000000200008ac       0x1c X-CUBE-AI/App/house_price_model.o
 .data.dense_3_layer
                0x00000000200008c8       0x18 X-CUBE-AI/App/house_price_model.o
 .data.nl_3_layer
                0x00000000200008e0       0x1c X-CUBE-AI/App/house_price_model.o
 .data.dense_4_layer
                0x00000000200008fc       0x18 X-CUBE-AI/App/house_price_model.o
 .data.nl_4_layer
                0x0000000020000914       0x1c X-CUBE-AI/App/house_price_model.o
 .data.dense_5_layer
                0x0000000020000930       0x18 X-CUBE-AI/App/house_price_model.o
 .data.nl_5_layer
                0x0000000020000948       0x1c X-CUBE-AI/App/house_price_model.o
 .data.dense_6_layer
                0x0000000020000964       0x18 X-CUBE-AI/App/house_price_model.o
 .data.nl_6_layer
                0x000000002000097c       0x1c X-CUBE-AI/App/house_price_model.o
 .data.dense_7_layer
                0x0000000020000998       0x18 X-CUBE-AI/App/house_price_model.o
 .data.nl_7_layer
                0x00000000200009b0       0x1c X-CUBE-AI/App/house_price_model.o
 .data.dense_8_layer
                0x00000000200009cc       0x18 X-CUBE-AI/App/house_price_model.o
 .data.nl_8_layer
                0x00000000200009e4       0x1c X-CUBE-AI/App/house_price_model.o
 .data.dense_9_layer
                0x0000000020000a00       0x18 X-CUBE-AI/App/house_price_model.o
 .data.nl_9_layer
                0x0000000020000a18       0x1c X-CUBE-AI/App/house_price_model.o
 .data.dense_10_layer
                0x0000000020000a34       0x18 X-CUBE-AI/App/house_price_model.o
 .data.nl_10_layer
                0x0000000020000a4c       0x1c X-CUBE-AI/App/house_price_model.o
 .data.__compound_literal.0
                0x0000000020000a68       0x10 X-CUBE-AI/App/house_price_model.o
 .data.__compound_literal.1
                0x0000000020000a78       0x10 X-CUBE-AI/App/house_price_model.o
 .data.__compound_literal.2
                0x0000000020000a88       0x10 X-CUBE-AI/App/house_price_model.o
 .data.__compound_literal.3
                0x0000000020000a98       0x10 X-CUBE-AI/App/house_price_model.o
 .data.__compound_literal.4
                0x0000000020000aa8       0x10 X-CUBE-AI/App/house_price_model.o
 .data.__compound_literal.5
                0x0000000020000ab8       0x10 X-CUBE-AI/App/house_price_model.o
 .data.__compound_literal.6
                0x0000000020000ac8       0x10 X-CUBE-AI/App/house_price_model.o
 .data.__compound_literal.7
                0x0000000020000ad8       0x10 X-CUBE-AI/App/house_price_model.o
 .data.__compound_literal.8
                0x0000000020000ae8       0x10 X-CUBE-AI/App/house_price_model.o
 .data.__compound_literal.9
                0x0000000020000af8       0x10 X-CUBE-AI/App/house_price_model.o
 .data.__compound_literal.10
                0x0000000020000b08       0x10 X-CUBE-AI/App/house_price_model.o
 .data.__compound_literal.11
                0x0000000020000b18       0x10 X-CUBE-AI/App/house_price_model.o
 .data.__compound_literal.12
                0x0000000020000b28       0x10 X-CUBE-AI/App/house_price_model.o
 .data.__compound_literal.13
                0x0000000020000b38       0x10 X-CUBE-AI/App/house_price_model.o
 .data.__compound_literal.14
                0x0000000020000b48       0x10 X-CUBE-AI/App/house_price_model.o
 .data.__compound_literal.15
                0x0000000020000b58       0x10 X-CUBE-AI/App/house_price_model.o
 .data.__compound_literal.16
                0x0000000020000b68       0x10 X-CUBE-AI/App/house_price_model.o
 .data.__compound_literal.17
                0x0000000020000b78       0x10 X-CUBE-AI/App/house_price_model.o
 .data.__compound_literal.18
                0x0000000020000b88       0x10 X-CUBE-AI/App/house_price_model.o
 .data.__compound_literal.19
                0x0000000020000b98       0x10 X-CUBE-AI/App/house_price_model.o
 .data.__compound_literal.20
                0x0000000020000ba8       0x10 X-CUBE-AI/App/house_price_model.o
 .data.__compound_literal.21
                0x0000000020000bb8       0x10 X-CUBE-AI/App/house_price_model.o
 .data.__compound_literal.22
                0x0000000020000bc8       0x10 X-CUBE-AI/App/house_price_model.o
 .data.__compound_literal.23
                0x0000000020000bd8       0x10 X-CUBE-AI/App/house_price_model.o
 .data.__compound_literal.24
                0x0000000020000be8       0x10 X-CUBE-AI/App/house_price_model.o
 .data.__compound_literal.25
                0x0000000020000bf8       0x10 X-CUBE-AI/App/house_price_model.o
 .data.__compound_literal.26
                0x0000000020000c08       0x10 X-CUBE-AI/App/house_price_model.o
 .data.__compound_literal.27
                0x0000000020000c18       0x10 X-CUBE-AI/App/house_price_model.o
 .data.__compound_literal.28
                0x0000000020000c28       0x10 X-CUBE-AI/App/house_price_model.o
 .data.__compound_literal.29
                0x0000000020000c38       0x10 X-CUBE-AI/App/house_price_model.o
 .data.__compound_literal.30
                0x0000000020000c48       0x10 X-CUBE-AI/App/house_price_model.o
 .data.__compound_literal.31
                0x0000000020000c58       0x10 X-CUBE-AI/App/house_price_model.o
 .data.__compound_literal.32
                0x0000000020000c68       0x10 X-CUBE-AI/App/house_price_model.o
 .data.__compound_literal.33
                0x0000000020000c78       0x10 X-CUBE-AI/App/house_price_model.o
 .data.__compound_literal.34
                0x0000000020000c88       0x10 X-CUBE-AI/App/house_price_model.o
 .data.__compound_literal.35
                0x0000000020000c98       0x10 X-CUBE-AI/App/house_price_model.o
 .data.__compound_literal.36
                0x0000000020000ca8       0x10 X-CUBE-AI/App/house_price_model.o
 .data.__compound_literal.37
                0x0000000020000cb8       0x10 X-CUBE-AI/App/house_price_model.o
 .data.__compound_literal.38
                0x0000000020000cc8       0x10 X-CUBE-AI/App/house_price_model.o
 .data.__compound_literal.39
                0x0000000020000cd8       0x10 X-CUBE-AI/App/house_price_model.o
 .data.__compound_literal.40
                0x0000000020000ce8       0x10 X-CUBE-AI/App/house_price_model.o
 .data.__compound_literal.41
                0x0000000020000cf8       0x10 X-CUBE-AI/App/house_price_model.o
 .data.__compound_literal.42
                0x0000000020000d08       0x10 X-CUBE-AI/App/house_price_model.o
 .data.__compound_literal.43
                0x0000000020000d18       0x10 X-CUBE-AI/App/house_price_model.o
 .data.__compound_literal.44
                0x0000000020000d28       0x10 X-CUBE-AI/App/house_price_model.o
 .data.__compound_literal.45
                0x0000000020000d38       0x10 X-CUBE-AI/App/house_price_model.o
 .data.__compound_literal.46
                0x0000000020000d48       0x10 X-CUBE-AI/App/house_price_model.o
 .data.__compound_literal.47
                0x0000000020000d58       0x10 X-CUBE-AI/App/house_price_model.o
 .data.__compound_literal.48